
*** Running vivado
    with args -log tb_nm32_audio.vds -m64 -product Vivado -mode batch -messageDb vivado.pb -notrace -source tb_nm32_audio.tcl


****** Vivado v2022.2 (64-bit)
  **** SW Build 3671981 on Fri Oct 14 04:59:54 MDT 2022
  **** IP Build 3669848 on Fri Oct 14 08:30:02 MDT 2022
    ** Copyright 1986-2022 Xilinx, Inc. All Rights Reserved.

source tb_nm32_audio.tcl -notrace
Command: synth_design -top tb_nm32_audio -part xc7z010iclg225-1L
Starting synth_design
Attempting to get a license for feature 'Synthesis' and/or device 'xc7z010i'
INFO: [Common 17-349] Got license for feature 'Synthesis' and/or device 'xc7z010i'
INFO: [Synth 8-7079] Multithreading enabled for synth_design using a maximum of 4 processes.
INFO: [Synth 8-7078] Launching helper process for spawning children vivado processes
INFO: [Synth 8-7075] Helper process launched with PID 3177
INFO: [Synth 8-11241] undeclared symbol 'REGCCE', assumed default net type 'wire' [/tools/Xilinx/Vivado/2022.2/data/verilog/src/unimacro/BRAM_SINGLE_MACRO.v:2170]
---------------------------------------------------------------------------------
Starting Synthesize : Time (s): cpu = 00:00:02 ; elapsed = 00:00:02 . Memory (MB): peak = 1642.430 ; gain = 313.832 ; free physical = 9788 ; free virtual = 12221
Synthesis current peak Physical Memory [PSS] (MB): peak = 1065.291; parent = 859.796; children = 205.495
Synthesis current peak Virtual Memory [VSS] (MB): peak = 2618.457; parent = 1645.402; children = 973.055
---------------------------------------------------------------------------------
INFO: [Synth 8-6157] synthesizing module 'tb_nm32_audio' [/home/omkar/FFT_Accelerator/tb_nm32_audio.v:3]
CRITICAL WARNING: [Synth 8-4445] could not open $readmem data file 'audio_in.txt'; please make sure the file is added to project and has read permission, ignoring [/home/omkar/FFT_Accelerator/tb_nm32_audio.v:38]
WARNING: [Synth 8-6896] event control except as first statement of always block inside initial block, initial block items will be ignored [/home/omkar/FFT_Accelerator/tb_nm32_audio.v:44]
INFO: [Synth 8-6157] synthesizing module 'nm32_fft_top' [/home/omkar/FFT_Accelerator/nm32_fft_top.v:3]
INFO: [Synth 8-6157] synthesizing module 'fft_data_ram' [/home/omkar/FFT_Accelerator/fft_data_rom.v:3]
INFO: [Synth 8-6155] done synthesizing module 'fft_data_ram' (0#1) [/home/omkar/FFT_Accelerator/fft_data_rom.v:3]
INFO: [Synth 8-6157] synthesizing module 'twiddle_rom_512' [/home/omkar/FFT_Accelerator/twiddle_rom_512.v:3]
INFO: [Synth 8-226] default block is never used [/home/omkar/FFT_Accelerator/twiddle_rom_512.v:9]
INFO: [Synth 8-6155] done synthesizing module 'twiddle_rom_512' (0#1) [/home/omkar/FFT_Accelerator/twiddle_rom_512.v:3]
INFO: [Synth 8-6157] synthesizing module 'butterfly_folded' [/home/omkar/FFT_Accelerator/butterfly_folded.v:3]
INFO: [Synth 8-6155] done synthesizing module 'butterfly_folded' (0#1) [/home/omkar/FFT_Accelerator/butterfly_folded.v:3]
INFO: [Synth 8-6155] done synthesizing module 'nm32_fft_top' (0#1) [/home/omkar/FFT_Accelerator/nm32_fft_top.v:3]
WARNING: [Synth 8-85] always block has no event control specified [/home/omkar/FFT_Accelerator/tb_nm32_audio.v:25]
INFO: [Synth 8-6155] done synthesizing module 'tb_nm32_audio' (0#1) [/home/omkar/FFT_Accelerator/tb_nm32_audio.v:3]
WARNING: [Synth 8-7137] Register m_rr_reg in module butterfly_folded has both Set and reset with same priority. This may cause simulation mismatches. Consider rewriting code  [/home/omkar/FFT_Accelerator/butterfly_folded.v:40]
WARNING: [Synth 8-7137] Register m_ii_reg in module butterfly_folded has both Set and reset with same priority. This may cause simulation mismatches. Consider rewriting code  [/home/omkar/FFT_Accelerator/butterfly_folded.v:41]
WARNING: [Synth 8-7137] Register m_ri_reg in module butterfly_folded has both Set and reset with same priority. This may cause simulation mismatches. Consider rewriting code  [/home/omkar/FFT_Accelerator/butterfly_folded.v:42]
WARNING: [Synth 8-7137] Register m_ir_reg in module butterfly_folded has both Set and reset with same priority. This may cause simulation mismatches. Consider rewriting code  [/home/omkar/FFT_Accelerator/butterfly_folded.v:43]
WARNING: [Synth 8-7137] Register A_re_d_reg in module butterfly_folded has both Set and reset with same priority. This may cause simulation mismatches. Consider rewriting code  [/home/omkar/FFT_Accelerator/butterfly_folded.v:22]
WARNING: [Synth 8-7137] Register A_im_d_reg in module butterfly_folded has both Set and reset with same priority. This may cause simulation mismatches. Consider rewriting code  [/home/omkar/FFT_Accelerator/butterfly_folded.v:23]
WARNING: [Synth 8-7137] Register BW_re_reg in module butterfly_folded has both Set and reset with same priority. This may cause simulation mismatches. Consider rewriting code  [/home/omkar/FFT_Accelerator/butterfly_folded.v:24]
WARNING: [Synth 8-7137] Register BW_im_reg in module butterfly_folded has both Set and reset with same priority. This may cause simulation mismatches. Consider rewriting code  [/home/omkar/FFT_Accelerator/butterfly_folded.v:25]
WARNING: [Synth 8-7137] Register ram_addr_a_reg in module nm32_fft_top has both Set and reset with same priority. This may cause simulation mismatches. Consider rewriting code  [/home/omkar/FFT_Accelerator/nm32_fft_top.v:21]
WARNING: [Synth 8-7137] Register ram_din_a_reg in module nm32_fft_top has both Set and reset with same priority. This may cause simulation mismatches. Consider rewriting code  [/home/omkar/FFT_Accelerator/nm32_fft_top.v:21]
WARNING: [Synth 8-7137] Register ram_addr_b_reg in module nm32_fft_top has both Set and reset with same priority. This may cause simulation mismatches. Consider rewriting code  [/home/omkar/FFT_Accelerator/nm32_fft_top.v:22]
WARNING: [Synth 8-7137] Register tw_addr_reg in module nm32_fft_top has both Set and reset with same priority. This may cause simulation mismatches. Consider rewriting code  [/home/omkar/FFT_Accelerator/nm32_fft_top.v:29]
WARNING: [Synth 8-7137] Register bf_A_re_reg in module nm32_fft_top has both Set and reset with same priority. This may cause simulation mismatches. Consider rewriting code  [/home/omkar/FFT_Accelerator/nm32_fft_top.v:43]
WARNING: [Synth 8-7137] Register bf_A_im_reg in module nm32_fft_top has both Set and reset with same priority. This may cause simulation mismatches. Consider rewriting code  [/home/omkar/FFT_Accelerator/nm32_fft_top.v:43]
WARNING: [Synth 8-7137] Register bf_B_re_reg in module nm32_fft_top has both Set and reset with same priority. This may cause simulation mismatches. Consider rewriting code  [/home/omkar/FFT_Accelerator/nm32_fft_top.v:44]
WARNING: [Synth 8-7137] Register bf_B_im_reg in module nm32_fft_top has both Set and reset with same priority. This may cause simulation mismatches. Consider rewriting code  [/home/omkar/FFT_Accelerator/nm32_fft_top.v:44]
WARNING: [Synth 8-7137] Register bf_W_re_reg in module nm32_fft_top has both Set and reset with same priority. This may cause simulation mismatches. Consider rewriting code  [/home/omkar/FFT_Accelerator/nm32_fft_top.v:45]
WARNING: [Synth 8-7137] Register bf_W_im_reg in module nm32_fft_top has both Set and reset with same priority. This may cause simulation mismatches. Consider rewriting code  [/home/omkar/FFT_Accelerator/nm32_fft_top.v:45]
WARNING: [Synth 8-7137] Register ram_din_b_reg in module nm32_fft_top has both Set and reset with same priority. This may cause simulation mismatches. Consider rewriting code  [/home/omkar/FFT_Accelerator/nm32_fft_top.v:22]
---------------------------------------------------------------------------------
Finished Synthesize : Time (s): cpu = 00:00:03 ; elapsed = 00:00:03 . Memory (MB): peak = 1715.367 ; gain = 386.770 ; free physical = 9856 ; free virtual = 12303
Synthesis current peak Physical Memory [PSS] (MB): peak = 1065.291; parent = 859.796; children = 205.495
Synthesis current peak Virtual Memory [VSS] (MB): peak = 2688.426; parent = 1715.371; children = 973.055
---------------------------------------------------------------------------------
---------------------------------------------------------------------------------
Finished Constraint Validation : Time (s): cpu = 00:00:03 ; elapsed = 00:00:03 . Memory (MB): peak = 1733.180 ; gain = 404.582 ; free physical = 9833 ; free virtual = 12303
Synthesis current peak Physical Memory [PSS] (MB): peak = 1065.291; parent = 859.796; children = 205.495
Synthesis current peak Virtual Memory [VSS] (MB): peak = 2706.238; parent = 1733.184; children = 973.055
---------------------------------------------------------------------------------
---------------------------------------------------------------------------------
Start Loading Part and Timing Information
---------------------------------------------------------------------------------
Loading part: xc7z010iclg225-1L
---------------------------------------------------------------------------------
Finished Loading Part and Timing Information : Time (s): cpu = 00:00:03 ; elapsed = 00:00:03 . Memory (MB): peak = 1741.184 ; gain = 412.586 ; free physical = 9830 ; free virtual = 12303
Synthesis current peak Physical Memory [PSS] (MB): peak = 1065.291; parent = 859.796; children = 205.495
INFO: [Device 21-403] Loading part xc7z010iclg225-1L
Synthesis current peak Virtual Memory [VSS] (MB): peak = 2714.242; parent = 1741.188; children = 973.055
---------------------------------------------------------------------------------
INFO: [Synth 8-802] inferred FSM for state register 'state_reg' in module 'butterfly_folded'
INFO: [Synth 8-802] inferred FSM for state register 'state_reg' in module 'nm32_fft_top'
INFO: [Synth 8-3971] The signal "fft_data_ram:/ram_reg" was recognized as a true dual port RAM template.
---------------------------------------------------------------------------------------------------
                   State |                     New Encoding |                Previous Encoding 
---------------------------------------------------------------------------------------------------
                  iSTATE |                            00001 |                              000
                 iSTATE0 |                            00010 |                              001
                 iSTATE1 |                            00100 |                              010
                 iSTATE2 |                            01000 |                              011
                 iSTATE3 |                            10000 |                              100
---------------------------------------------------------------------------------------------------
INFO: [Synth 8-3354] encoded FSM with state register 'state_reg' using encoding 'one-hot' in module 'butterfly_folded'
---------------------------------------------------------------------------------------------------
                   State |                     New Encoding |                Previous Encoding 
---------------------------------------------------------------------------------------------------
                  iSTATE |                          0000001 |                              000
                 iSTATE4 |                          0000010 |                              001
                 iSTATE0 |                          0000100 |                              010
                 iSTATE1 |                          0001000 |                              011
                 iSTATE2 |                          0010000 |                              100
                 iSTATE3 |                          0100000 |                              101
                 iSTATE5 |                          1000000 |                              110
---------------------------------------------------------------------------------------------------
INFO: [Synth 8-3354] encoded FSM with state register 'state_reg' using encoding 'one-hot' in module 'nm32_fft_top'
---------------------------------------------------------------------------------
Finished RTL Optimization Phase 2 : Time (s): cpu = 00:00:03 ; elapsed = 00:00:04 . Memory (MB): peak = 1763.137 ; gain = 434.539 ; free physical = 9796 ; free virtual = 12276
Synthesis current peak Physical Memory [PSS] (MB): peak = 1065.291; parent = 859.796; children = 205.495
Synthesis current peak Virtual Memory [VSS] (MB): peak = 2736.195; parent = 1763.141; children = 973.055
---------------------------------------------------------------------------------
No constraint files found.
---------------------------------------------------------------------------------
Start RTL Component Statistics 
---------------------------------------------------------------------------------
Detailed RTL Component Info : 
+---Adders : 
	   3 Input   32 Bit       Adders := 1     
	   2 Input   32 Bit       Adders := 2     
	   2 Input   17 Bit       Adders := 2     
	   3 Input   17 Bit       Adders := 2     
	   2 Input   11 Bit       Adders := 1     
	   2 Input   10 Bit       Adders := 2     
	   2 Input    9 Bit       Adders := 3     
	   2 Input    4 Bit       Adders := 1     
+---Registers : 
	               32 Bit    Registers := 8     
	               16 Bit    Registers := 14    
	               10 Bit    Registers := 2     
	                9 Bit    Registers := 4     
	                8 Bit    Registers := 1     
	                4 Bit    Registers := 1     
	                1 Bit    Registers := 5     
+---RAMs : 
	              16K Bit	(512 X 32 bit)          RAMs := 1     
+---Muxes : 
	   7 Input   32 Bit        Muxes := 1     
	   2 Input   10 Bit        Muxes := 1     
	   7 Input   10 Bit        Muxes := 2     
	   2 Input    9 Bit        Muxes := 1     
	   7 Input    9 Bit        Muxes := 3     
	   7 Input    7 Bit        Muxes := 1     
	   2 Input    7 Bit        Muxes := 3     
	   7 Input    4 Bit        Muxes := 1     
	   5 Input    1 Bit        Muxes := 3     
	   2 Input    1 Bit        Muxes := 1     
	   7 Input    1 Bit        Muxes := 12    
---------------------------------------------------------------------------------
Finished RTL Component Statistics 
---------------------------------------------------------------------------------
---------------------------------------------------------------------------------
Start Part Resource Summary
---------------------------------------------------------------------------------
Part Resources:
DSPs: 80 (col length:40)
BRAMs: 120 (col length: RAMB18 40 RAMB36 20)
---------------------------------------------------------------------------------
Finished Part Resource Summary
---------------------------------------------------------------------------------
No constraint files found.
---------------------------------------------------------------------------------
Start Cross Boundary and Area Optimization
---------------------------------------------------------------------------------
WARNING: [Synth 8-7080] Parallel synthesis criteria is not met
DSP Report: Generating DSP uut/math_engine/m_ir0, operation Mode is: A*B.
DSP Report: operator uut/math_engine/m_ir0 is absorbed into DSP uut/math_engine/m_ir0.
DSP Report: Generating DSP uut/math_engine/m_ri0, operation Mode is: A*B.
DSP Report: operator uut/math_engine/m_ri0 is absorbed into DSP uut/math_engine/m_ri0.
DSP Report: Generating DSP uut/math_engine/m_ii0, operation Mode is: A*B.
DSP Report: operator uut/math_engine/m_ii0 is absorbed into DSP uut/math_engine/m_ii0.
DSP Report: Generating DSP uut/math_engine/m_rr0, operation Mode is: A*B.
DSP Report: operator uut/math_engine/m_rr0 is absorbed into DSP uut/math_engine/m_rr0.
INFO: [Synth 8-3971] The signal "tb_nm32_audio/uut/data_ram/ram_reg" was recognized as a true dual port RAM template.
WARNING: [Synth 8-3332] Sequential element (uut/math_engine/FSM_onehot_state_reg[4]) is unused and will be removed from module tb_nm32_audio.
WARNING: [Synth 8-3332] Sequential element (uut/math_engine/FSM_onehot_state_reg[3]) is unused and will be removed from module tb_nm32_audio.
WARNING: [Synth 8-3332] Sequential element (uut/math_engine/FSM_onehot_state_reg[2]) is unused and will be removed from module tb_nm32_audio.
WARNING: [Synth 8-3332] Sequential element (uut/math_engine/FSM_onehot_state_reg[1]) is unused and will be removed from module tb_nm32_audio.
WARNING: [Synth 8-3332] Sequential element (uut/math_engine/FSM_onehot_state_reg[0]) is unused and will be removed from module tb_nm32_audio.
WARNING: [Synth 8-3332] Sequential element (uut/FSM_onehot_state_reg[6]) is unused and will be removed from module tb_nm32_audio.
WARNING: [Synth 8-3332] Sequential element (uut/FSM_onehot_state_reg[5]) is unused and will be removed from module tb_nm32_audio.
WARNING: [Synth 8-3332] Sequential element (uut/FSM_onehot_state_reg[4]) is unused and will be removed from module tb_nm32_audio.
WARNING: [Synth 8-3332] Sequential element (uut/FSM_onehot_state_reg[3]) is unused and will be removed from module tb_nm32_audio.
WARNING: [Synth 8-3332] Sequential element (uut/FSM_onehot_state_reg[2]) is unused and will be removed from module tb_nm32_audio.
WARNING: [Synth 8-3332] Sequential element (uut/FSM_onehot_state_reg[1]) is unused and will be removed from module tb_nm32_audio.
WARNING: [Synth 8-3332] Sequential element (uut/FSM_onehot_state_reg[0]) is unused and will be removed from module tb_nm32_audio.
---------------------------------------------------------------------------------
Finished Cross Boundary and Area Optimization : Time (s): cpu = 00:00:07 ; elapsed = 00:00:08 . Memory (MB): peak = 1898.668 ; gain = 570.070 ; free physical = 9450 ; free virtual = 12019
Synthesis current peak Physical Memory [PSS] (MB): peak = 1298.422; parent = 1093.063; children = 205.495
Synthesis current peak Virtual Memory [VSS] (MB): peak = 2871.727; parent = 1898.672; children = 973.055
---------------------------------------------------------------------------------
---------------------------------------------------------------------------------
Start ROM, RAM, DSP, Shift Register and Retiming Reporting
---------------------------------------------------------------------------------

ROM: Preliminary Mapping Report
+----------------+--------------------+---------------+----------------+
|Module Name     | RTL Object         | Depth x Width | Implemented As | 
+----------------+--------------------+---------------+----------------+
|twiddle_rom_512 | wr                 | 256x16        | LUT            | 
|twiddle_rom_512 | wi                 | 256x16        | LUT            | 
|tb_nm32_audio   | uut/twiddle_rom/wr | 256x16        | LUT            | 
|tb_nm32_audio   | uut/twiddle_rom/wi | 256x16        | LUT            | 
+----------------+--------------------+---------------+----------------+


DSP: Preliminary Mapping Report (see note below. The ' indicates corresponding REG is set)
+-----------------+-------------+--------+--------+--------+--------+--------+------+------+------+------+-------+------+------+
|Module Name      | DSP Mapping | A Size | B Size | C Size | D Size | P Size | AREG | BREG | CREG | DREG | ADREG | MREG | PREG | 
+-----------------+-------------+--------+--------+--------+--------+--------+------+------+------+------+-------+------+------+
|butterfly_folded | A*B         | 16     | 16     | -      | -      | 32     | 0    | 0    | -    | -    | -     | 0    | 0    | 
|butterfly_folded | A*B         | 16     | 16     | -      | -      | 32     | 0    | 0    | -    | -    | -     | 0    | 0    | 
|butterfly_folded | A*B         | 16     | 16     | -      | -      | 32     | 0    | 0    | -    | -    | -     | 0    | 0    | 
|butterfly_folded | A*B         | 16     | 16     | -      | -      | 32     | 0    | 0    | -    | -    | -     | 0    | 0    | 
+-----------------+-------------+--------+--------+--------+--------+--------+------+------+------+------+-------+------+------+

Note: The table above is a preliminary report that shows the DSPs inferred at the current stage of the synthesis flow. Some DSP may be reimplemented as non DSP primitives later in the synthesis flow. Multiple instantiated DSPs are reported only once.
---------------------------------------------------------------------------------
Finished ROM, RAM, DSP, Shift Register and Retiming Reporting
---------------------------------------------------------------------------------
No constraint files found.
---------------------------------------------------------------------------------
Start Timing Optimization
---------------------------------------------------------------------------------
---------------------------------------------------------------------------------
Finished Timing Optimization : Time (s): cpu = 00:00:08 ; elapsed = 00:00:08 . Memory (MB): peak = 1898.668 ; gain = 570.070 ; free physical = 9450 ; free virtual = 12020
Synthesis current peak Physical Memory [PSS] (MB): peak = 1299.121; parent = 1093.763; children = 205.495
Synthesis current peak Virtual Memory [VSS] (MB): peak = 2871.727; parent = 1898.672; children = 973.055
---------------------------------------------------------------------------------
---------------------------------------------------------------------------------
Start Technology Mapping
---------------------------------------------------------------------------------
---------------------------------------------------------------------------------
Finished Technology Mapping : Time (s): cpu = 00:00:08 ; elapsed = 00:00:08 . Memory (MB): peak = 1898.668 ; gain = 570.070 ; free physical = 9450 ; free virtual = 12020
Synthesis current peak Physical Memory [PSS] (MB): peak = 1299.594; parent = 1094.235; children = 205.495
Synthesis current peak Virtual Memory [VSS] (MB): peak = 2871.727; parent = 1898.672; children = 973.055
---------------------------------------------------------------------------------
---------------------------------------------------------------------------------
Start IO Insertion
---------------------------------------------------------------------------------
---------------------------------------------------------------------------------
Start Flattening Before IO Insertion
---------------------------------------------------------------------------------
---------------------------------------------------------------------------------
Finished Flattening Before IO Insertion
---------------------------------------------------------------------------------
---------------------------------------------------------------------------------
Start Final Netlist Cleanup
---------------------------------------------------------------------------------
---------------------------------------------------------------------------------
Finished Final Netlist Cleanup
---------------------------------------------------------------------------------
---------------------------------------------------------------------------------
Finished IO Insertion : Time (s): cpu = 00:00:09 ; elapsed = 00:00:10 . Memory (MB): peak = 1898.668 ; gain = 570.070 ; free physical = 9444 ; free virtual = 12005
Synthesis current peak Physical Memory [PSS] (MB): peak = 1299.773; parent = 1094.415; children = 205.495
Synthesis current peak Virtual Memory [VSS] (MB): peak = 2871.727; parent = 1898.672; children = 973.055
---------------------------------------------------------------------------------
---------------------------------------------------------------------------------
Start Renaming Generated Instances
---------------------------------------------------------------------------------
---------------------------------------------------------------------------------
Finished Renaming Generated Instances : Time (s): cpu = 00:00:09 ; elapsed = 00:00:10 . Memory (MB): peak = 1898.668 ; gain = 570.070 ; free physical = 9444 ; free virtual = 12005
Synthesis current peak Physical Memory [PSS] (MB): peak = 1299.789; parent = 1094.431; children = 205.495
Synthesis current peak Virtual Memory [VSS] (MB): peak = 2871.727; parent = 1898.672; children = 973.055
---------------------------------------------------------------------------------
---------------------------------------------------------------------------------
Start Rebuilding User Hierarchy
---------------------------------------------------------------------------------
---------------------------------------------------------------------------------
Finished Rebuilding User Hierarchy : Time (s): cpu = 00:00:09 ; elapsed = 00:00:10 . Memory (MB): peak = 1898.668 ; gain = 570.070 ; free physical = 9444 ; free virtual = 12005
Synthesis current peak Physical Memory [PSS] (MB): peak = 1299.883; parent = 1094.524; children = 205.495
Synthesis current peak Virtual Memory [VSS] (MB): peak = 2871.727; parent = 1898.672; children = 973.055
---------------------------------------------------------------------------------
---------------------------------------------------------------------------------
Start Renaming Generated Ports
---------------------------------------------------------------------------------
---------------------------------------------------------------------------------
Finished Renaming Generated Ports : Time (s): cpu = 00:00:09 ; elapsed = 00:00:10 . Memory (MB): peak = 1898.668 ; gain = 570.070 ; free physical = 9444 ; free virtual = 12005
Synthesis current peak Physical Memory [PSS] (MB): peak = 1299.961; parent = 1094.603; children = 205.495
Synthesis current peak Virtual Memory [VSS] (MB): peak = 2871.727; parent = 1898.672; children = 973.055
---------------------------------------------------------------------------------
---------------------------------------------------------------------------------
Start Handling Custom Attributes
---------------------------------------------------------------------------------
---------------------------------------------------------------------------------
Finished Handling Custom Attributes : Time (s): cpu = 00:00:09 ; elapsed = 00:00:10 . Memory (MB): peak = 1898.668 ; gain = 570.070 ; free physical = 9444 ; free virtual = 12005
Synthesis current peak Physical Memory [PSS] (MB): peak = 1299.977; parent = 1094.618; children = 205.495
Synthesis current peak Virtual Memory [VSS] (MB): peak = 2871.727; parent = 1898.672; children = 973.055
---------------------------------------------------------------------------------
---------------------------------------------------------------------------------
Start Renaming Generated Nets
---------------------------------------------------------------------------------
---------------------------------------------------------------------------------
Finished Renaming Generated Nets : Time (s): cpu = 00:00:09 ; elapsed = 00:00:10 . Memory (MB): peak = 1898.668 ; gain = 570.070 ; free physical = 9444 ; free virtual = 12005
Synthesis current peak Physical Memory [PSS] (MB): peak = 1299.992; parent = 1094.634; children = 205.495
Synthesis current peak Virtual Memory [VSS] (MB): peak = 2871.727; parent = 1898.672; children = 973.055
---------------------------------------------------------------------------------
---------------------------------------------------------------------------------
Start Writing Synthesis Report
---------------------------------------------------------------------------------

Report BlackBoxes: 
+-+--------------+----------+
| |BlackBox name |Instances |
+-+--------------+----------+
+-+--------------+----------+

Report Cell Usage: 
+-+-----+------+
| |Cell |Count |
+-+-----+------+
+-+-----+------+

Report Instance Areas: 
+------+---------+-------+------+
|      |Instance |Module |Cells |
+------+---------+-------+------+
|1     |top      |       |     0|
+------+---------+-------+------+
---------------------------------------------------------------------------------
Finished Writing Synthesis Report : Time (s): cpu = 00:00:09 ; elapsed = 00:00:10 . Memory (MB): peak = 1898.668 ; gain = 570.070 ; free physical = 9444 ; free virtual = 12005
Synthesis current peak Physical Memory [PSS] (MB): peak = 1300.023; parent = 1094.665; children = 205.495
Synthesis current peak Virtual Memory [VSS] (MB): peak = 2871.727; parent = 1898.672; children = 973.055
---------------------------------------------------------------------------------
Synthesis finished with 0 errors, 1 critical warnings and 34 warnings.
Synthesis Optimization Runtime : Time (s): cpu = 00:00:09 ; elapsed = 00:00:10 . Memory (MB): peak = 1898.668 ; gain = 570.070 ; free physical = 9444 ; free virtual = 12005
Synthesis Optimization Complete : Time (s): cpu = 00:00:09 ; elapsed = 00:00:10 . Memory (MB): peak = 1898.676 ; gain = 570.070 ; free physical = 9444 ; free virtual = 12005
INFO: [Project 1-571] Translating synthesized netlist
Netlist sorting complete. Time (s): cpu = 00:00:00 ; elapsed = 00:00:00 . Memory (MB): peak = 1898.676 ; gain = 0.000 ; free physical = 9546 ; free virtual = 12110
INFO: [Project 1-570] Preparing netlist for logic optimization
INFO: [Opt 31-138] Pushed 0 inverter(s) to 0 load pin(s).
Netlist sorting complete. Time (s): cpu = 00:00:00 ; elapsed = 00:00:00 . Memory (MB): peak = 1965.418 ; gain = 0.000 ; free physical = 9444 ; free virtual = 12021
INFO: [Project 1-111] Unisim Transformation Summary:
No Unisim elements were transformed.

Synth Design complete, checksum: b5ce0c4
INFO: [Common 17-83] Releasing license: Synthesis
28 Infos, 34 Warnings, 1 Critical Warnings and 0 Errors encountered.
synth_design completed successfully
synth_design: Time (s): cpu = 00:00:12 ; elapsed = 00:00:11 . Memory (MB): peak = 1965.418 ; gain = 636.820 ; free physical = 9575 ; free virtual = 12152
INFO: [runtcl-6] Synthesis results are not added to the cache due to CRITICAL_WARNING
INFO: [Common 17-1381] The checkpoint '/home/omkar/FFT_Accelerator/FFT/FFT.runs/synth_1/tb_nm32_audio.dcp' has been generated.
INFO: [runtcl-4] Executing : report_utilization -file tb_nm32_audio_utilization_synth.rpt -pb tb_nm32_audio_utilization_synth.pb
INFO: [Common 17-206] Exiting Vivado at Sat Mar 28 19:46:11 2026...
