
****** Vivado v2025.2 (64-bit)
  **** SW Build 6299465 on Fri Nov 14 12:34:56 MST 2025
  **** IP Build 6300035 on Fri Nov 14 10:48:45 MST 2025
  **** SharedData Build 6298862 on Thu Nov 13 04:50:51 MST 2025
  **** Start of session at: Tue Sep 15 14:02:05 2026
    ** Copyright 1986-2022 Xilinx, Inc. All Rights Reserved.
    ** Copyright 2022-2025 Advanced Micro Devices, Inc. All Rights Reserved.

source run_sim_tcl.tcl
# open_project NM32_top_temp/NM32_top_temp.xpr
INFO: [filemgmt 56-3] Default IP Output Path : Could not find the directory '/home/r_sarang/NM32_SoC/NM32_top_temp/NM32_top_temp.gen/sources_1'.
CRITICAL WARNING: [Project 1-19] Could not find the file '/home/r_sarang/NM32_SoC/NM32_top_temp/NM32_top_temp.srcs/utils_1/imports/synth_1/nm32_top.dcp'.
WARNING: [Project 1-865] Could not find the file /home/r_sarang/NM32_SoC/NM32_top_temp/NM32_top_temp.srcs/utils_1/imports/synth_1/nm32_top.dcp
Scanning sources...
Finished scanning sources
WARNING: [Board 49-26] cannot add Board Part xilinx.com:emb-plus-vpr-4616:part0:1.0 available at /2025.2/data/xhub/boards/XilinxBoardStore/boards/Xilinx/emb-plus-vpr-4616/1.0/board.xml as part xcve2302-sfva784-2mp-e-s specified in board_part file is either invalid or not available
WARNING: [Board 49-26] cannot add Board Part xilinx.com:emb-plus-vpr-4616:part0:1.1 available at /2025.2/data/xhub/boards/XilinxBoardStore/boards/Xilinx/emb-plus-vpr-4616/1.1/board.xml as part xcve2302-sfva784-2mp-e-s specified in board_part file is either invalid or not available
WARNING: [Board 49-26] cannot add Board Part xilinx.com:k24c:part0:1.0 available at /2025.2/data/xhub/boards/XilinxBoardStore/boards/Xilinx/k24c/1.0/board.xml as part xck24-ubva530-2lv-c specified in board_part file is either invalid or not available
WARNING: [Board 49-26] cannot add Board Part xilinx.com:k24c:part0:1.1 available at /2025.2/data/xhub/boards/XilinxBoardStore/boards/Xilinx/k24c/1.1/board.xml as part xck24-ubva530-2lv-c specified in board_part file is either invalid or not available
WARNING: [Board 49-26] cannot add Board Part xilinx.com:k24i:part0:1.0 available at /2025.2/data/xhub/boards/XilinxBoardStore/boards/Xilinx/k24i/1.0/board.xml as part xck24-ubva530-2lvi-i specified in board_part file is either invalid or not available
WARNING: [Board 49-26] cannot add Board Part xilinx.com:k26c:part0:1.2 available at /2025.2/data/xhub/boards/XilinxBoardStore/boards/Xilinx/k26c/1.2/board.xml as part xck26-sfvc784-2lv-c specified in board_part file is either invalid or not available
WARNING: [Board 49-26] cannot add Board Part xilinx.com:k26c:part0:1.3 available at /2025.2/data/xhub/boards/XilinxBoardStore/boards/Xilinx/k26c/1.3/board.xml as part xck26-sfvc784-2lv-c specified in board_part file is either invalid or not available
WARNING: [Board 49-26] cannot add Board Part xilinx.com:k26c:part0:1.4 available at /2025.2/data/xhub/boards/XilinxBoardStore/boards/Xilinx/k26c/1.4/board.xml as part xck26-sfvc784-2lv-c specified in board_part file is either invalid or not available
WARNING: [Board 49-26] cannot add Board Part xilinx.com:k26i:part0:1.2 available at /2025.2/data/xhub/boards/XilinxBoardStore/boards/Xilinx/k26i/1.2/board.xml as part xck26-sfvc784-2lvi-i specified in board_part file is either invalid or not available
WARNING: [Board 49-26] cannot add Board Part xilinx.com:k26i:part0:1.3 available at /2025.2/data/xhub/boards/XilinxBoardStore/boards/Xilinx/k26i/1.3/board.xml as part xck26-sfvc784-2lvi-i specified in board_part file is either invalid or not available
WARNING: [Board 49-26] cannot add Board Part xilinx.com:k26i:part0:1.4 available at /2025.2/data/xhub/boards/XilinxBoardStore/boards/Xilinx/k26i/1.4/board.xml as part xck26-sfvc784-2lvi-i specified in board_part file is either invalid or not available
WARNING: [Board 49-26] cannot add Board Part xilinx.com:kc705:part0:1.6 available at /2025.2/data/xhub/boards/XilinxBoardStore/boards/Xilinx/kc705/1.6/board.xml as part xc7k325tffg900-2 specified in board_part file is either invalid or not available
WARNING: [Board 49-26] cannot add Board Part xilinx.com:kc705:part0:1.7 available at /2025.2/data/xhub/boards/XilinxBoardStore/boards/Xilinx/kc705/1.7/board.xml as part xc7k325tffg900-2 specified in board_part file is either invalid or not available
WARNING: [Board 49-26] cannot add Board Part xilinx.com:kcu105:part0:1.6 available at /2025.2/data/xhub/boards/XilinxBoardStore/boards/Xilinx/kcu105/1.6/board.xml as part xcku040-ffva1156-2-e specified in board_part file is either invalid or not available
WARNING: [Board 49-26] cannot add Board Part xilinx.com:kcu105:part0:1.7 available at /2025.2/data/xhub/boards/XilinxBoardStore/boards/Xilinx/kcu105/1.7/board.xml as part xcku040-ffva1156-2-e specified in board_part file is either invalid or not available
WARNING: [Board 49-26] cannot add Board Part xilinx.com:kcu116:part0:1.4 available at /2025.2/data/xhub/boards/XilinxBoardStore/boards/Xilinx/kcu116/1.4/board.xml as part xcku5p-ffvb676-2-e specified in board_part file is either invalid or not available
WARNING: [Board 49-26] cannot add Board Part xilinx.com:kcu116:part0:1.5 available at /2025.2/data/xhub/boards/XilinxBoardStore/boards/Xilinx/kcu116/1.5/board.xml as part xcku5p-ffvb676-2-e specified in board_part file is either invalid or not available
WARNING: [Board 49-26] cannot add Board Part xilinx.com:kcu1500:part0:1.2 available at /2025.2/data/xhub/boards/XilinxBoardStore/boards/Xilinx/kcu1500/1.2/board.xml as part xcku115-flvb2104-2-e specified in board_part file is either invalid or not available
WARNING: [Board 49-26] cannot add Board Part xilinx.com:kd240_som:part0:1.0 available at /2025.2/data/xhub/boards/XilinxBoardStore/boards/Xilinx/kd240_som/1.0/board.xml as part xck24-ubva530-2lv-c specified in board_part file is either invalid or not available
WARNING: [Board 49-26] cannot add Board Part xilinx.com:kd240_som:part0:1.1 available at /2025.2/data/xhub/boards/XilinxBoardStore/boards/Xilinx/kd240_som/1.1/board.xml as part xck24-ubva530-2lv-c specified in board_part file is either invalid or not available
WARNING: [Board 49-26] cannot add Board Part xilinx.com:kr260_som:part0:1.0 available at /2025.2/data/xhub/boards/XilinxBoardStore/boards/Xilinx/kr260_som/1.0/board.xml as part xck26-sfvc784-2lv-c specified in board_part file is either invalid or not available
WARNING: [Board 49-26] cannot add Board Part xilinx.com:kr260_som:part0:1.1 available at /2025.2/data/xhub/boards/XilinxBoardStore/boards/Xilinx/kr260_som/1.1/board.xml as part xck26-sfvc784-2lv-c specified in board_part file is either invalid or not available
WARNING: [Board 49-26] cannot add Board Part xilinx.com:kv260_som:part0:1.2 available at /2025.2/data/xhub/boards/XilinxBoardStore/boards/Xilinx/kv260_som/1.2/board.xml as part xck26-sfvc784-2lv-c specified in board_part file is either invalid or not available
WARNING: [Board 49-26] cannot add Board Part xilinx.com:kv260_som:part0:1.3 available at /2025.2/data/xhub/boards/XilinxBoardStore/boards/Xilinx/kv260_som/1.3/board.xml as part xck26-sfvc784-2lv-c specified in board_part file is either invalid or not available
WARNING: [Board 49-26] cannot add Board Part xilinx.com:kv260_som:part0:1.4 available at /2025.2/data/xhub/boards/XilinxBoardStore/boards/Xilinx/kv260_som/1.4/board.xml as part xck26-sfvc784-2lv-c specified in board_part file is either invalid or not available
WARNING: [Board 49-26] cannot add Board Part xilinx.com:scu35:part0:1.0 available at /2025.2/data/xhub/boards/XilinxBoardStore/boards/Xilinx/scu35/1.0/board.xml as part xcsu35p-sbvb625-2-e specified in board_part file is either invalid or not available
WARNING: [Board 49-26] cannot add Board Part xilinx.com:v80:part0:1.0 available at /2025.2/data/xhub/boards/XilinxBoardStore/boards/Xilinx/v80/1.0/board.xml as part xcv80-lsva4737-2mhp-e-s specified in board_part file is either invalid or not available
WARNING: [Board 49-26] cannot add Board Part xilinx.com:vc707:part0:1.4 available at /2025.2/data/xhub/boards/XilinxBoardStore/boards/Xilinx/vc707/1.4/board.xml as part xc7vx485tffg1761-2 specified in board_part file is either invalid or not available
WARNING: [Board 49-26] cannot add Board Part xilinx.com:vc707:part0:1.5 available at /2025.2/data/xhub/boards/XilinxBoardStore/boards/Xilinx/vc707/1.5/board.xml as part xc7vx485tffg1761-2 specified in board_part file is either invalid or not available
WARNING: [Board 49-26] cannot add Board Part xilinx.com:vc709:part0:1.8 available at /2025.2/data/xhub/boards/XilinxBoardStore/boards/Xilinx/vc709/1.8/board.xml as part xc7vx690tffg1761-2 specified in board_part file is either invalid or not available
WARNING: [Board 49-26] cannot add Board Part xilinx.com:vck190:part0:2.2 available at /2025.2/data/xhub/boards/XilinxBoardStore/boards/Xilinx/vck190/production/2.2/board.xml as part xcvc1902-vsva2197-2mp-e-s specified in board_part file is either invalid or not available
WARNING: [Board 49-26] cannot add Board Part xilinx.com:vck190:part0:3.0 available at /2025.2/data/xhub/boards/XilinxBoardStore/boards/Xilinx/vck190/production/3.0/board.xml as part xcvc1902-vsva2197-2mp-e-s specified in board_part file is either invalid or not available
WARNING: [Board 49-26] cannot add Board Part xilinx.com:vck190:part0:3.1 available at /2025.2/data/xhub/boards/XilinxBoardStore/boards/Xilinx/vck190/production/3.1/board.xml as part xcvc1902-vsva2197-2mp-e-s specified in board_part file is either invalid or not available
WARNING: [Board 49-26] cannot add Board Part xilinx.com:vck190:part0:3.2 available at /2025.2/data/xhub/boards/XilinxBoardStore/boards/Xilinx/vck190/production/3.2/board.xml as part xcvc1902-vsva2197-2mp-e-s specified in board_part file is either invalid or not available
WARNING: [Board 49-26] cannot add Board Part xilinx.com:vck190:part0:3.3 available at /2025.2/data/xhub/boards/XilinxBoardStore/boards/Xilinx/vck190/production/3.3/board.xml as part xcvc1902-vsva2197-2mp-e-s specified in board_part file is either invalid or not available
WARNING: [Board 49-26] cannot add Board Part xilinx.com:vck190:part0:3.4 available at /2025.2/data/xhub/boards/XilinxBoardStore/boards/Xilinx/vck190/production/3.4/board.xml as part xcvc1902-vsva2197-2mp-e-s specified in board_part file is either invalid or not available
WARNING: [Board 49-26] cannot add Board Part xilinx.com:vck190_newl:part0:1.0 available at /2025.2/data/xhub/boards/XilinxBoardStore/boards/Xilinx/vck190_newl/production/1.0/board.xml as part xcvc1902-vsva2197-2mp-e-s specified in board_part file is either invalid or not available
WARNING: [Board 49-26] cannot add Board Part xilinx.com:vck190_newl:part0:1.1 available at /2025.2/data/xhub/boards/XilinxBoardStore/boards/Xilinx/vck190_newl/production/1.1/board.xml as part xcvc1902-vsva2197-2mp-e-s specified in board_part file is either invalid or not available
WARNING: [Board 49-26] cannot add Board Part xilinx.com:vck190_newl:part0:1.2 available at /2025.2/data/xhub/boards/XilinxBoardStore/boards/Xilinx/vck190_newl/production/1.2/board.xml as part xcvc1902-vsva2197-2mp-e-s specified in board_part file is either invalid or not available
WARNING: [Board 49-26] cannot add Board Part xilinx.com:vck190_newl:part0:1.3 available at /2025.2/data/xhub/boards/XilinxBoardStore/boards/Xilinx/vck190_newl/production/1.3/board.xml as part xcvc1902-vsva2197-2mp-e-s specified in board_part file is either invalid or not available
WARNING: [Board 49-26] cannot add Board Part xilinx.com:vcu108:part0:1.6 available at /2025.2/data/xhub/boards/XilinxBoardStore/boards/Xilinx/vcu108/1.6/board.xml as part xcvu095-ffva2104-2-e specified in board_part file is either invalid or not available
WARNING: [Board 49-26] cannot add Board Part xilinx.com:vcu108:part0:1.7 available at /2025.2/data/xhub/boards/XilinxBoardStore/boards/Xilinx/vcu108/1.7/board.xml as part xcvu095-ffva2104-2-e specified in board_part file is either invalid or not available
WARNING: [Board 49-26] cannot add Board Part xilinx.com:vcu110:part0:1.4 available at /2025.2/data/xhub/boards/XilinxBoardStore/boards/Xilinx/vcu110/1.4/board.xml as part xcvu190-flgc2104-2-e specified in board_part file is either invalid or not available
WARNING: [Board 49-26] cannot add Board Part xilinx.com:vcu118:part0:2.0 available at /2025.2/data/xhub/boards/XilinxBoardStore/boards/Xilinx/vcu118/2.0/board.xml as part xcvu9p-flga2104-2l-e specified in board_part file is either invalid or not available
WARNING: [Board 49-26] cannot add Board Part xilinx.com:vcu118:part0:2.3 available at /2025.2/data/xhub/boards/XilinxBoardStore/boards/Xilinx/vcu118/2.3/board.xml as part xcvu9p-flga2104-2l-e specified in board_part file is either invalid or not available
WARNING: [Board 49-26] cannot add Board Part xilinx.com:vcu118:part0:2.4 available at /2025.2/data/xhub/boards/XilinxBoardStore/boards/Xilinx/vcu118/2.4/board.xml as part xcvu9p-flga2104-2l-e specified in board_part file is either invalid or not available
WARNING: [Board 49-26] cannot add Board Part xilinx.com:vcu128:part0:1.0 available at /2025.2/data/xhub/boards/XilinxBoardStore/boards/Xilinx/vcu128/production/1.0/board.xml as part xcvu37p-fsvh2892-2l-e specified in board_part file is either invalid or not available
WARNING: [Board 49-26] cannot add Board Part xilinx.com:vcu129:part0:1.0 available at /2025.2/data/xhub/boards/XilinxBoardStore/boards/Xilinx/vcu129/production/1.0/board.xml as part xcvu29p-fsga2577-2l-e specified in board_part file is either invalid or not available
WARNING: [Board 49-26] cannot add Board Part xilinx.com:vcu1525:part0:1.3 available at /2025.2/data/xhub/boards/XilinxBoardStore/boards/Xilinx/vcu1525/1.3/board.xml as part xcvu9p-fsgd2104-2l-e specified in board_part file is either invalid or not available
WARNING: [Board 49-26] cannot add Board Part xilinx.com:vek280:part0:1.0 available at /2025.2/data/xhub/boards/XilinxBoardStore/boards/Xilinx/vek280/production/1.0/board.xml as part xcve2802-vsvh1760-2mp-e-s specified in board_part file is either invalid or not available
WARNING: [Board 49-26] cannot add Board Part xilinx.com:vek280:part0:1.1 available at /2025.2/data/xhub/boards/XilinxBoardStore/boards/Xilinx/vek280/production/1.1/board.xml as part xcve2802-vsvh1760-2mp-e-s specified in board_part file is either invalid or not available
WARNING: [Board 49-26] cannot add Board Part xilinx.com:vek280:part0:1.2 available at /2025.2/data/xhub/boards/XilinxBoardStore/boards/Xilinx/vek280/production/1.2/board.xml as part xcve2802-vsvh1760-2mp-e-s specified in board_part file is either invalid or not available
WARNING: [Board 49-26] cannot add Board Part xilinx.com:vek385:part0:1.0 available at /2025.2/data/xhub/boards/XilinxBoardStore/boards/Xilinx/vek385/1.0/board.xml as part xc2ve3858-ssva2112-2mp-e-s specified in board_part file is either invalid or not available
WARNING: [Board 49-26] cannot add Board Part xilinx.com:vek385:part0:1.1 available at /2025.2/data/xhub/boards/XilinxBoardStore/boards/Xilinx/vek385/1.1/board.xml as part xc2ve3858-ssva2112-2mp-e-s specified in board_part file is either invalid or not available
WARNING: [Board 49-26] cannot add Board Part xilinx.com:vek385_1:part0:1.0 available at /2025.2/data/xhub/boards/XilinxBoardStore/boards/Xilinx/vek385_2/1.0/board.xml as part xc2ve3858-ssva2112-2mp-e-s specified in board_part file is either invalid or not available
WARNING: [Board 49-26] cannot add Board Part xilinx.com:vermeo_t1_mpsoc:part0:1.0 available at /2025.2/data/xhub/boards/XilinxBoardStore/boards/Xilinx/vermeo_t1_mpsoc/1.0/board.xml as part xczu19eg-ffvd1760-2l-e specified in board_part file is either invalid or not available
WARNING: [Board 49-26] cannot add Board Part xilinx.com:vermeo_t1_rfsoc:part0:1.0 available at /2025.2/data/xhub/boards/XilinxBoardStore/boards/Xilinx/vermeo_t1_rfsoc/1.0/board.xml as part xczu21dr-ffvd1156-2l-e specified in board_part file is either invalid or not available
WARNING: [Board 49-26] cannot add Board Part xilinx.com:vhk158:part0:1.0 available at /2025.2/data/xhub/boards/XilinxBoardStore/boards/Xilinx/vhk158/production/1.0/board.xml as part xcvh1582-vsva3697-2mp-e-s specified in board_part file is either invalid or not available
WARNING: [Board 49-26] cannot add Board Part xilinx.com:vhk158:part0:1.1 available at /2025.2/data/xhub/boards/XilinxBoardStore/boards/Xilinx/vhk158/production/1.1/board.xml as part xcvh1582-vsva3697-2mp-e-s specified in board_part file is either invalid or not available
WARNING: [Board 49-26] cannot add Board Part xilinx.com:vhk158:part0:1.2 available at /2025.2/data/xhub/boards/XilinxBoardStore/boards/Xilinx/vhk158/production/1.2/board.xml as part xcvh1582-vsva3697-2mp-e-s specified in board_part file is either invalid or not available
WARNING: [Board 49-26] cannot add Board Part xilinx.com:vmk180:part0:2.2 available at /2025.2/data/xhub/boards/XilinxBoardStore/boards/Xilinx/vmk180/production/2.2/board.xml as part xcvm1802-vsva2197-2mp-e-s specified in board_part file is either invalid or not available
WARNING: [Board 49-26] cannot add Board Part xilinx.com:vmk180:part0:3.0 available at /2025.2/data/xhub/boards/XilinxBoardStore/boards/Xilinx/vmk180/production/3.0/board.xml as part xcvm1802-vsva2197-2mp-e-s specified in board_part file is either invalid or not available
WARNING: [Board 49-26] cannot add Board Part xilinx.com:vmk180:part0:3.1 available at /2025.2/data/xhub/boards/XilinxBoardStore/boards/Xilinx/vmk180/production/3.1/board.xml as part xcvm1802-vsva2197-2mp-e-s specified in board_part file is either invalid or not available
WARNING: [Board 49-26] cannot add Board Part xilinx.com:vmk180:part0:3.2 available at /2025.2/data/xhub/boards/XilinxBoardStore/boards/Xilinx/vmk180/production/3.2/board.xml as part xcvm1802-vsva2197-2mp-e-s specified in board_part file is either invalid or not available
WARNING: [Board 49-26] cannot add Board Part xilinx.com:vmk180:part0:3.3 available at /2025.2/data/xhub/boards/XilinxBoardStore/boards/Xilinx/vmk180/production/3.3/board.xml as part xcvm1802-vsva2197-2mp-e-s specified in board_part file is either invalid or not available
WARNING: [Board 49-26] cannot add Board Part xilinx.com:vmk180_newl:part0:1.0 available at /2025.2/data/xhub/boards/XilinxBoardStore/boards/Xilinx/vmk180_newl/production/1.0/board.xml as part xcvm1802-vsva2197-2mp-e-s specified in board_part file is either invalid or not available
WARNING: [Board 49-26] cannot add Board Part xilinx.com:vmk180_newl:part0:1.1 available at /2025.2/data/xhub/boards/XilinxBoardStore/boards/Xilinx/vmk180_newl/production/1.1/board.xml as part xcvm1802-vsva2197-2mp-e-s specified in board_part file is either invalid or not available
WARNING: [Board 49-26] cannot add Board Part xilinx.com:vpk120:part0:1.0 available at /2025.2/data/xhub/boards/XilinxBoardStore/boards/Xilinx/vpk120/production/1.0/board.xml as part xcvp1202-vsva2785-2mp-e-s specified in board_part file is either invalid or not available
WARNING: [Board 49-26] cannot add Board Part xilinx.com:vpk120:part0:1.1 available at /2025.2/data/xhub/boards/XilinxBoardStore/boards/Xilinx/vpk120/production/1.1/board.xml as part xcvp1202-vsva2785-2mp-e-s specified in board_part file is either invalid or not available
WARNING: [Board 49-26] cannot add Board Part xilinx.com:vpk120:part0:1.2 available at /2025.2/data/xhub/boards/XilinxBoardStore/boards/Xilinx/vpk120/production/1.2/board.xml as part xcvp1202-vsva2785-2mp-e-s specified in board_part file is either invalid or not available
WARNING: [Board 49-26] cannot add Board Part xilinx.com:vpk180:part0:1.0 available at /2025.2/data/xhub/boards/XilinxBoardStore/boards/Xilinx/vpk180/production/1.0/board.xml as part xcvp1802-lsvc4072-2mp-e-s specified in board_part file is either invalid or not available
WARNING: [Board 49-26] cannot add Board Part xilinx.com:vpk180:part0:1.1 available at /2025.2/data/xhub/boards/XilinxBoardStore/boards/Xilinx/vpk180/production/1.1/board.xml as part xcvp1802-lsvc4072-2mp-e-s specified in board_part file is either invalid or not available
WARNING: [Board 49-26] cannot add Board Part xilinx.com:vpk180:part0:1.2 available at /2025.2/data/xhub/boards/XilinxBoardStore/boards/Xilinx/vpk180/production/1.2/board.xml as part xcvp1802-lsvc4072-2mp-e-s specified in board_part file is either invalid or not available
WARNING: [Board 49-26] cannot add Board Part xilinx.com:vrk160:part0:1.0 available at /2025.2/data/xhub/boards/XilinxBoardStore/boards/Xilinx/vrk160/1.0/board.xml as part xcvr1602-vsva2488-2mp-e-s-es1 specified in board_part file is either invalid or not available
WARNING: [Board 49-26] cannot add Board Part xilinx.com:vrk160:part0:1.1 available at /2025.2/data/xhub/boards/XilinxBoardStore/boards/Xilinx/vrk160/1.1/board.xml as part xcvr1602-vsva2488-2mp-e-s-es1 specified in board_part file is either invalid or not available
WARNING: [Board 49-26] cannot add Board Part xilinx.com:zc706:part0:1.4 available at /2025.2/data/xhub/boards/XilinxBoardStore/boards/Xilinx/zc706/1.4/board.xml as part xc7z045ffg900-2 specified in board_part file is either invalid or not available
WARNING: [Board 49-26] cannot add Board Part xilinx.com:zc706:part0:1.5 available at /2025.2/data/xhub/boards/XilinxBoardStore/boards/Xilinx/zc706/1.5/board.xml as part xc7z045ffg900-2 specified in board_part file is either invalid or not available
WARNING: [Board 49-26] cannot add Board Part xilinx.com:zcu102:part0:3.3 available at /2025.2/data/xhub/boards/XilinxBoardStore/boards/Xilinx/zcu102/3.3/board.xml as part xczu9eg-ffvb1156-2-e specified in board_part file is either invalid or not available
WARNING: [Board 49-26] cannot add Board Part xilinx.com:zcu102:part0:3.4 available at /2025.2/data/xhub/boards/XilinxBoardStore/boards/Xilinx/zcu102/3.4/board.xml as part xczu9eg-ffvb1156-2-e specified in board_part file is either invalid or not available
WARNING: [Board 49-26] cannot add Board Part xilinx.com:zcu104:part0:1.1 available at /2025.2/data/xhub/boards/XilinxBoardStore/boards/Xilinx/zcu104/1.1/board.xml as part xczu7ev-ffvc1156-2-e specified in board_part file is either invalid or not available
WARNING: [Board 49-26] cannot add Board Part xilinx.com:zcu106:part0:2.4 available at /2025.2/data/xhub/boards/XilinxBoardStore/boards/Xilinx/zcu106/2.4/board.xml as part xczu7ev-ffvc1156-2-e specified in board_part file is either invalid or not available
WARNING: [Board 49-26] cannot add Board Part xilinx.com:zcu106:part0:2.5 available at /2025.2/data/xhub/boards/XilinxBoardStore/boards/Xilinx/zcu106/2.5/board.xml as part xczu7ev-ffvc1156-2-e specified in board_part file is either invalid or not available
WARNING: [Board 49-26] cannot add Board Part xilinx.com:zcu106:part0:2.6 available at /2025.2/data/xhub/boards/XilinxBoardStore/boards/Xilinx/zcu106/2.6/board.xml as part xczu7ev-ffvc1156-2-e specified in board_part file is either invalid or not available
WARNING: [Board 49-26] cannot add Board Part xilinx.com:zcu111:part0:1.2 available at /2025.2/data/xhub/boards/XilinxBoardStore/boards/Xilinx/zcu111/1.2/board.xml as part xczu28dr-ffvg1517-2-e specified in board_part file is either invalid or not available
WARNING: [Board 49-26] cannot add Board Part xilinx.com:zcu111:part0:1.3 available at /2025.2/data/xhub/boards/XilinxBoardStore/boards/Xilinx/zcu111/1.3/board.xml as part xczu28dr-ffvg1517-2-e specified in board_part file is either invalid or not available
WARNING: [Board 49-26] cannot add Board Part xilinx.com:zcu111:part0:1.4 available at /2025.2/data/xhub/boards/XilinxBoardStore/boards/Xilinx/zcu111/1.4/board.xml as part xczu28dr-ffvg1517-2-e specified in board_part file is either invalid or not available
WARNING: [Board 49-26] cannot add Board Part xilinx.com:zcu1275:part0:1.0 available at /2025.2/data/xhub/boards/XilinxBoardStore/boards/Xilinx/zcu1275/1.0/board.xml as part xczu29dr-ffvf1760-2-e specified in board_part file is either invalid or not available
WARNING: [Board 49-26] cannot add Board Part xilinx.com:zcu1285:part0:1.0 available at /2025.2/data/xhub/boards/XilinxBoardStore/boards/Xilinx/zcu1285/1.0/board.xml as part xczu39dr-ffvf1760-2-i specified in board_part file is either invalid or not available
WARNING: [Board 49-26] cannot add Board Part xilinx.com:zcu208:part0:2.0 available at /2025.2/data/xhub/boards/XilinxBoardStore/boards/Xilinx/zcu208/production/2.0/board.xml as part xczu48dr-fsvg1517-2-e specified in board_part file is either invalid or not available
WARNING: [Board 49-26] cannot add Board Part xilinx.com:zcu208ld:part0:2.0 available at /2025.2/data/xhub/boards/XilinxBoardStore/boards/Xilinx/zcu208ld/production/2.0/board.xml as part xczu58dr-fsvg1517-2-i specified in board_part file is either invalid or not available
WARNING: [Board 49-26] cannot add Board Part xilinx.com:zcu216:part0:2.0 available at /2025.2/data/xhub/boards/XilinxBoardStore/boards/Xilinx/zcu216/production/2.0/board.xml as part xczu49dr-ffvf1760-2-e specified in board_part file is either invalid or not available
WARNING: [Board 49-26] cannot add Board Part xilinx.com:zcu216ld:part0:2.0 available at /2025.2/data/xhub/boards/XilinxBoardStore/boards/Xilinx/zcu216ld/production/2.0/board.xml as part xczu59dr-ffvf1760-2-i specified in board_part file is either invalid or not available
WARNING: [Board 49-26] cannot add Board Part xilinx.com:zcu670:part0:2.0 available at /2025.2/data/xhub/boards/XilinxBoardStore/boards/Xilinx/zcu670/2.0/board.xml as part xczu67dr-fsve1156-2-i specified in board_part file is either invalid or not available
WARNING: [Board 49-26] cannot add Board Part xilinx.com:zcu670ld:part0:1.0 available at /2025.2/data/xhub/boards/XilinxBoardStore/boards/Xilinx/zcu670ld/1.0/board.xml as part xczu57dr-fsve1156-2-i specified in board_part file is either invalid or not available
WARNING: [Project 1-5713] Board part '' set for the project  is not found. BoardPart property will be unset. Please select board from latest repo build 
# add_files -norecurse DMA_Module/dma_controller.v
WARNING: [filemgmt 56-12] File '/home/r_sarang/NM32_SoC/DMA_Module/dma_controller.v' cannot be added to the project because it already exists in the project, skipping this file
# add_files -norecurse Ibex/rtl/ibex_register_file_ff.sv
WARNING: [filemgmt 56-12] File '/home/r_sarang/NM32_SoC/Ibex/rtl/ibex_register_file_ff.sv' cannot be added to the project because it already exists in the project, skipping this file
# update_compile_order -fileset sources_1
# launch_simulation
Command: launch_simulation 
INFO: [Vivado 12-25911] Executing simulation for 'XSim' simulator
INFO: [Project 1-5737] Running on host rsarang-LOQ-15IRX9 (64) - Ubuntu 22.04.5 LTS
INFO: [Vivado 12-28535] Process started - Tue Sep 15 14:02:09 2026

INFO: [Vivado 12-12493] Simulation top is 'tb'
INFO: [Vivado 12-5682] Launching behavioral simulation in '/home/r_sarang/NM32_SoC/NM32_top_temp/NM32_top_temp.sim/sim_1/behav/xsim'
INFO: [SIM-utils-51] Simulation object is 'sim_1'
INFO: [SIM-utils-72] Using boost library from '/2025.2/tps/boost_1_72_0'
INFO: [SIM-utils-54] Inspecting design source files for 'tb' in fileset 'sim_1'...
INFO: [USF-XSim-97] Finding global include files...
INFO: [USF-XSim-100] Fetching design files from 'sources_1'...(this may take a while)...
INFO: [USF-XSim-101] Fetching design files from 'sim_1'...
INFO: [USF-XSim-2] XSim::Compile design
INFO: [USF-XSim-61] Executing 'COMPILE and ANALYZE' step in '/home/r_sarang/NM32_SoC/NM32_top_temp/NM32_top_temp.sim/sim_1/behav/xsim'
xvlog --incr --relax -L uvm -prj tb_vlog.prj
INFO: [VRFC 10-2263] Analyzing SystemVerilog file "/home/r_sarang/NM32_SoC/AHB2APB/AHB_APB_Bridge.sv" into library xil_defaultlib
INFO: [VRFC 10-311] analyzing module AHB_to_APB_Bridge
INFO: [VRFC 10-2263] Analyzing SystemVerilog file "/home/r_sarang/NM32_SoC/ahb_decoder_and_arbiter/ahb_decoder_and_arbiter.sv" into library xil_defaultlib
INFO: [VRFC 10-311] analyzing module ahb_decoder_and_arbiter
INFO: [VRFC 10-2263] Analyzing SystemVerilog file "/home/r_sarang/NM32_SoC/apb_spi_master-master/apb_spi_master.sv" into library xil_defaultlib
INFO: [VRFC 10-311] analyzing module apb_spi_master
INFO: [VRFC 10-2263] Analyzing SystemVerilog file "/home/r_sarang/NM32_SoC/Ibex/rtl/ibex_alu.sv" into library xil_defaultlib
INFO: [VRFC 10-311] analyzing module ibex_alu
INFO: [VRFC 10-2263] Analyzing SystemVerilog file "/home/r_sarang/NM32_SoC/Ibex/rtl/ibex_branch_predict.sv" into library xil_defaultlib
INFO: [VRFC 10-311] analyzing module ibex_branch_predict
INFO: [VRFC 10-2263] Analyzing SystemVerilog file "/home/r_sarang/NM32_SoC/Ibex/rtl/ibex_compressed_decoder.sv" into library xil_defaultlib
INFO: [VRFC 10-311] analyzing module ibex_compressed_decoder
INFO: [VRFC 10-2263] Analyzing SystemVerilog file "/home/r_sarang/NM32_SoC/Ibex/rtl/ibex_controller.sv" into library xil_defaultlib
INFO: [VRFC 10-311] analyzing module ibex_controller
INFO: [VRFC 10-2263] Analyzing SystemVerilog file "/home/r_sarang/NM32_SoC/Ibex/rtl/ibex_core.sv" into library xil_defaultlib
INFO: [VRFC 10-311] analyzing module ibex_core
INFO: [VRFC 10-2263] Analyzing SystemVerilog file "/home/r_sarang/NM32_SoC/Ibex/rtl/ibex_counter.sv" into library xil_defaultlib
INFO: [VRFC 10-311] analyzing module ibex_counter
INFO: [VRFC 10-2263] Analyzing SystemVerilog file "/home/r_sarang/NM32_SoC/Ibex/rtl/ibex_cs_registers.sv" into library xil_defaultlib
INFO: [VRFC 10-311] analyzing module ibex_cs_registers
INFO: [VRFC 10-2263] Analyzing SystemVerilog file "/home/r_sarang/NM32_SoC/Ibex/rtl/ibex_csr.sv" into library xil_defaultlib
INFO: [VRFC 10-311] analyzing module ibex_csr
INFO: [VRFC 10-2263] Analyzing SystemVerilog file "/home/r_sarang/NM32_SoC/Ibex/rtl/ibex_decoder.sv" into library xil_defaultlib
INFO: [VRFC 10-311] analyzing module ibex_decoder
INFO: [VRFC 10-2263] Analyzing SystemVerilog file "/home/r_sarang/NM32_SoC/Ibex/rtl/ibex_dummy_instr.sv" into library xil_defaultlib
INFO: [VRFC 10-311] analyzing module ibex_dummy_instr
INFO: [VRFC 10-2263] Analyzing SystemVerilog file "/home/r_sarang/NM32_SoC/Ibex/rtl/ibex_ex_block.sv" into library xil_defaultlib
INFO: [VRFC 10-311] analyzing module ibex_ex_block
INFO: [VRFC 10-2263] Analyzing SystemVerilog file "/home/r_sarang/NM32_SoC/Ibex/rtl/ibex_fetch_fifo.sv" into library xil_defaultlib
INFO: [VRFC 10-311] analyzing module ibex_fetch_fifo
INFO: [VRFC 10-2263] Analyzing SystemVerilog file "/home/r_sarang/NM32_SoC/Ibex/rtl/ibex_icache.sv" into library xil_defaultlib
INFO: [VRFC 10-311] analyzing module ibex_icache
INFO: [VRFC 10-2263] Analyzing SystemVerilog file "/home/r_sarang/NM32_SoC/Ibex/rtl/ibex_id_stage.sv" into library xil_defaultlib
INFO: [VRFC 10-311] analyzing module ibex_id_stage
INFO: [VRFC 10-2263] Analyzing SystemVerilog file "/home/r_sarang/NM32_SoC/Ibex/rtl/ibex_if_stage.sv" into library xil_defaultlib
INFO: [VRFC 10-311] analyzing module ibex_if_stage
INFO: [VRFC 10-2263] Analyzing SystemVerilog file "/home/r_sarang/NM32_SoC/Ibex/rtl/ibex_load_store_unit.sv" into library xil_defaultlib
INFO: [VRFC 10-311] analyzing module ibex_load_store_unit
INFO: [VRFC 10-2263] Analyzing SystemVerilog file "/home/r_sarang/NM32_SoC/Ibex/rtl/ibex_multdiv_fast.sv" into library xil_defaultlib
INFO: [VRFC 10-311] analyzing module ibex_multdiv_fast
INFO: [VRFC 10-2263] Analyzing SystemVerilog file "/home/r_sarang/NM32_SoC/Ibex/rtl/ibex_multdiv_slow.sv" into library xil_defaultlib
INFO: [VRFC 10-311] analyzing module ibex_multdiv_slow
INFO: [VRFC 10-2263] Analyzing SystemVerilog file "/home/r_sarang/NM32_SoC/Ibex/rtl/ibex_pmp.sv" into library xil_defaultlib
INFO: [VRFC 10-311] analyzing module ibex_pmp
INFO: [VRFC 10-2263] Analyzing SystemVerilog file "/home/r_sarang/NM32_SoC/Ibex/rtl/ibex_prefetch_buffer.sv" into library xil_defaultlib
INFO: [VRFC 10-311] analyzing module ibex_prefetch_buffer
INFO: [VRFC 10-2263] Analyzing SystemVerilog file "/home/r_sarang/NM32_SoC/Ibex/rtl/ibex_register_file_ff.sv" into library xil_defaultlib
INFO: [VRFC 10-311] analyzing module ibex_register_file_ff
INFO: [VRFC 10-2263] Analyzing SystemVerilog file "/home/r_sarang/NM32_SoC/NM32_top_temp/NM32_top_temp.srcs/sources_1/new/ibex_to_ahb.sv" into library xil_defaultlib
INFO: [VRFC 10-311] analyzing module ibex_to_ahb
INFO: [VRFC 10-2263] Analyzing SystemVerilog file "/home/r_sarang/NM32_SoC/Ibex/rtl/ibex_wb_stage.sv" into library xil_defaultlib
INFO: [VRFC 10-311] analyzing module ibex_wb_stage
INFO: [VRFC 10-2263] Analyzing SystemVerilog file "/home/r_sarang/NM32_SoC/Ibex/vendor/lowrisc_ip/ip/prim_generic/rtl/prim_buf.sv" into library xil_defaultlib
INFO: [VRFC 10-311] analyzing module prim_buf
INFO: [VRFC 10-2263] Analyzing SystemVerilog file "/home/r_sarang/NM32_SoC/apb_spi_master-master/spi_master_apb_if.sv" into library xil_defaultlib
INFO: [VRFC 10-311] analyzing module spi_master_apb_if
INFO: [VRFC 10-2263] Analyzing SystemVerilog file "/home/r_sarang/NM32_SoC/apb_spi_master-master/spi_master_clkgen.sv" into library xil_defaultlib
INFO: [VRFC 10-311] analyzing module spi_master_clkgen
INFO: [VRFC 10-2263] Analyzing SystemVerilog file "/home/r_sarang/NM32_SoC/apb_spi_master-master/spi_master_controller.sv" into library xil_defaultlib
INFO: [VRFC 10-311] analyzing module spi_master_controller
INFO: [VRFC 10-2263] Analyzing SystemVerilog file "/home/r_sarang/NM32_SoC/apb_spi_master-master/spi_master_fifo.sv" into library xil_defaultlib
INFO: [VRFC 10-311] analyzing module spi_master_fifo
INFO: [VRFC 10-2263] Analyzing SystemVerilog file "/home/r_sarang/NM32_SoC/apb_spi_master-master/spi_master_rx.sv" into library xil_defaultlib
INFO: [VRFC 10-311] analyzing module spi_master_rx
INFO: [VRFC 10-2263] Analyzing SystemVerilog file "/home/r_sarang/NM32_SoC/apb_spi_master-master/spi_master_tx.sv" into library xil_defaultlib
INFO: [VRFC 10-311] analyzing module spi_master_tx
INFO: [VRFC 10-2263] Analyzing SystemVerilog file "/home/r_sarang/NM32_SoC/NM32_top_temp/NM32_top_temp.srcs/sources_1/new/NM32_top.sv" into library xil_defaultlib
INFO: [VRFC 10-311] analyzing module nm32_top
INFO: [VRFC 10-2263] Analyzing SystemVerilog file "/home/r_sarang/NM32_SoC/NM32_top_temp/NM32_top_temp.srcs/sim_1/new/tb.sv" into library xil_defaultlib
INFO: [VRFC 10-311] analyzing module tb
Waiting for jobs to finish...
No pending jobs, compilation finished.
INFO: [USF-XSim-69] 'compile' step finished in '1' seconds
INFO: [USF-XSim-3] XSim::Elaborate design
INFO: [USF-XSim-61] Executing 'ELABORATE' step in '/home/r_sarang/NM32_SoC/NM32_top_temp/NM32_top_temp.sim/sim_1/behav/xsim'
xelab --incr --debug typical --relax --mt 8 -cc_type sbct -L xil_defaultlib -L uvm -L unisims_ver -L unimacro_ver -L secureip --snapshot tb_behav xil_defaultlib.tb xil_defaultlib.glbl -log elaborate.log
Vivado Simulator v2025.2
Copyright 1986-2022 Xilinx, Inc. All Rights Reserved.
Copyright 2022-2025 Advanced Micro Devices, Inc. All Rights Reserved.
Running: //2025.2/Vivado/bin/unwrapped/lnx64.o/xelab --incr --debug typical --relax --mt 8 -cc_type sbct -L xil_defaultlib -L uvm -L unisims_ver -L unimacro_ver -L secureip --snapshot tb_behav xil_defaultlib.tb xil_defaultlib.glbl -log elaborate.log 
Using 8 slave threads.
WARNING: [XSIM 43-3431] One or more environment variables have been detected which affect the operation of the C compiler. These are typically not set in standard installations and are not tested by AMD, however they may be appropriate for your system, so the flow will attempt to continue.  If errors occur, try running xelab with the "-mt off -v 1" switches to see more information from the C compiler. The following environment variables have been detected:
    LIBRARY_PATH
Starting static elaboration
Pass Through NonSizing Optimizer
WARNING: [VRFC 10-5021] port 'gpio_in' is not connected on this instance [/home/r_sarang/NM32_SoC/NM32_top_temp/NM32_top_temp.srcs/sim_1/new/tb.sv:321]
WARNING: [VRFC 10-5021] port 'ic_tag_rdata_i' is not connected on this instance [/home/r_sarang/NM32_SoC/NM32_top_temp/NM32_top_temp.srcs/sources_1/new/NM32_top.sv:664]
WARNING: [VRFC 10-5021] port 'rst_n' is not connected on this instance [/home/r_sarang/NM32_SoC/GPIO/hdl/rtl/bus_wrappers/EF_GPIO8_APB.v:54]
WARNING: [VRFC 10-5021] port 'slv_hmaster' is not connected on this instance [/home/r_sarang/NM32_SoC/FFT_Accelerator/nm32_fft_ahb_wrapper.v:64]
WARNING: [VRFC 10-5021] port 'slv_hmaster' is not connected on this instance [/home/r_sarang/NM32_SoC/IFFT_Accelerator/nm32_ifft_ahb_wrapper.v:64]
Completed static elaboration
Starting simulation data flow analysis
WARNING: [XSIM 43-4099] "/home/r_sarang/NM32_SoC/Ibex/rtl/ibex_pkg.sv" Line 9. Module ibex_pkg doesn't have a timescale but at least one module in design has a timescale.
WARNING: [VRFC 10-2649] an enum variable may only be assigned the same enum typed variable or one of its values [/home/r_sarang/NM32_SoC/Ibex/rtl/ibex_decoder.sv:142]
WARNING: [XSIM 43-4099] "/home/r_sarang/NM32_SoC/GPIO/hdl/rtl/EF_GPIO8.v" Line 20. Module EF_GPIO8_default doesn't have a timescale but at least one module in design has a timescale.
Completed simulation data flow analysis
WARNING: The total size of variable audio_in_mem is 65536. Skipping this variable from Toggle Coverage as the maximum size is limited to 32768
WARNING: The total size of variable mem is 262144. Skipping this variable from Toggle Coverage as the maximum size is limited to 32768
WARNING: The total size of variable flash_mem is 2097152. Skipping this variable from Toggle Coverage as the maximum size is limited to 32768
Time Resolution for simulation is 1ps
Compiling package xil_defaultlib.ibex_pkg
Compiling module xil_defaultlib.dma_controller
Compiling module xil_defaultlib.ibex_register_file_ff_default
Compiling module xil_defaultlib.ibex_fetch_fifo_default
Compiling module xil_defaultlib.ibex_prefetch_buffer_default
Compiling module xil_defaultlib.ibex_compressed_decoder(RV32ZC=R...
Compiling module xil_defaultlib.ibex_branch_predict
Compiling module xil_defaultlib.ibex_if_stage(RV32ZC=RV32ZcaZcbZ...
Compiling module xil_defaultlib.ibex_decoder(RV32M=RV32MFast_ibe...
Compiling module xil_defaultlib.ibex_controller(WritebackStage=1...
Compiling module xil_defaultlib.ibex_id_stage(RV32M=RV32MFast_ib...
Compiling module xil_defaultlib.ibex_alu(RV32B=RV32BNone_ibex_pk...
Compiling module xil_defaultlib.ibex_multdiv_fast(RV32M=RV32MFas...
Compiling module xil_defaultlib.ibex_ex_block(RV32M=RV32MFast_ib...
Compiling module xil_defaultlib.ibex_load_store_unit(MemDataWidt...
Compiling module xil_defaultlib.ibex_wb_stage(WritebackStage=1'b...
Compiling module xil_defaultlib.ibex_csr(Width=32'b0110,ResetVal...
Compiling module xil_defaultlib.ibex_csr(ResetValue=32'b0)
Compiling module xil_defaultlib.ibex_csr(Width=32'b010010,ResetV...
Compiling module xil_defaultlib.ibex_csr(Width=32'b0111,ResetVal...
Compiling module xil_defaultlib.ibex_csr(ResetValue=32'b01)
Compiling module xil_defaultlib.ibex_csr(ResetValue=32'b01000000...
Compiling module xil_defaultlib.ibex_csr(Width=32'b011,ResetValu...
Compiling module xil_defaultlib.ibex_counter(CounterWidth=64)
Compiling module xil_defaultlib.ibex_counter(CounterWidth=64,Pro...
Compiling module xil_defaultlib.ibex_csr(Width=32'b011,ResetValu...
Compiling module xil_defaultlib.ibex_csr(Width=32'b01000,ResetVa...
Compiling module xil_defaultlib.ibex_cs_registers(MHPMCounterNum...
Compiling module xil_defaultlib.ibex_core(RV32M=RV32MFast_ibex_p...
Compiling module xil_defaultlib.ibex_to_ahb
Compiling module xil_defaultlib.clic_ahb
Compiling module xil_defaultlib.ahb_arbiter
Compiling module xil_defaultlib.ahb_decoder(NUM_SLVS=7,ADDR_LOW_...
Compiling module xil_defaultlib.ahb_decoder_and_arbiter(NUM_SLVS...
Compiling module xil_defaultlib.AHB_to_APB_Bridge(TRAN_WIDTH=2,N...
Compiling module xil_defaultlib.SRAM_1024x32_ahb_wrapper
Compiling module xil_defaultlib.ef_util_gating_cell
Compiling module xil_defaultlib.i2s_rx
Compiling module xil_defaultlib.ef_util_fifo(DW=32)
Compiling module xil_defaultlib.EF_I2S
Compiling module xil_defaultlib.EF_I2S_APB
Compiling module xil_defaultlib.EF_I2S_TX
Compiling module xil_defaultlib.EF_I2S_TX_APB
Compiling module xil_defaultlib.boot_rom_ahb
Compiling module xil_defaultlib.ef_util_sync
Compiling module xil_defaultlib.ef_util_ped
Compiling module xil_defaultlib.ef_util_ned
Compiling module xil_defaultlib.EF_GPIO8_default
Compiling module xil_defaultlib.EF_GPIO8_APB
Compiling module xil_defaultlib.ahb_slave_wait(ADDR_LOW=32'b0100...
Compiling module xil_defaultlib.butterfly_folded
Compiling module xil_defaultlib.nm32_fft_top
Compiling module xil_defaultlib.nm32_fft_ahb_wrapper(BASE_ADDR=3...
Compiling module xil_defaultlib.ping_pong_ram
Compiling module xil_defaultlib.ahb_slave_wait(ADDR_LOW=32'b0110...
Compiling module xil_defaultlib.ifft_butterfly_folded
Compiling module xil_defaultlib.nm32_ifft_top
Compiling module xil_defaultlib.nm32_ifft_ahb_wrapper(BASE_ADDR=...
Compiling module xil_defaultlib.spi_master_apb_if_default
Compiling module xil_defaultlib.spi_master_fifo(BUFFER_DEPTH=10)
Compiling module xil_defaultlib.spi_master_clkgen
Compiling module xil_defaultlib.spi_master_tx
Compiling module xil_defaultlib.spi_master_rx
Compiling module xil_defaultlib.spi_master_controller
Compiling module xil_defaultlib.apb_spi_master_default
Compiling module xil_defaultlib.nm32_top
Compiling module xil_defaultlib.flash
Compiling module xil_defaultlib.tb
Compiling module xil_defaultlib.glbl
Built simulation snapshot tb_behav
INFO: [USF-XSim-69] 'elaborate' step finished in '4' seconds
INFO: [USF-XSim-4] XSim::Simulate design
INFO: [USF-XSim-61] Executing 'SIMULATE' step in '/home/r_sarang/NM32_SoC/NM32_top_temp/NM32_top_temp.sim/sim_1/behav/xsim'
INFO: [USF-XSim-98] *** Running xsim
   with args "tb_behav -key {Behavioral:sim_1:Functional:tb} -tclbatch {tb.tcl} -log {simulate.log}"
INFO: [USF-XSim-8] Loading simulator feature
Time resolution is 1 ps
source tb.tcl
## set curr_wave [current_wave_config]
## if { [string length $curr_wave] == 0 } {
##   if { [llength [get_objects]] > 0} {
##     add_wave /
##     set_property needs_save false [current_wave_config]
##   } else {
##      send_msg_id Add_Wave-1 WARNING "No top level signals found. Simulator will start without a wave window. If you want to open a wave window go to 'File->New Waveform Configuration' or type 'create_wave_config' in the TCL console."
##   }
## }
## run 1000ns
Time=0: [SERIALIZER] Loaded sample_idx=          0, val=0x26660000
Time=345000: [SRAM WRITE] Addr=0x30007ffc WordAddr=0x1fff Data=0x0000000c HSIZE=0x2
INFO: [USF-XSim-96] XSim completed. Design snapshot 'tb_behav' loaded.
INFO: [USF-XSim-97] XSim simulation ran for 1000ns
launch_simulation: Time (s): cpu = 00:00:10 ; elapsed = 00:00:08 . Memory (MB): peak = 1585.094 ; gain = 7.145 ; free physical = 4727 ; free virtual = 16541
# run 800 ms
