Copyright 1986-2022 Xilinx, Inc. All Rights Reserved.
-----------------------------------------------------------------------------------------------
| Tool Version : Vivado v.2022.2 (lin64) Build 3671981 Fri Oct 14 04:59:54 MDT 2022
| Date         : Sun May 17 01:24:20 2026
| Host         : omkar-Victus-by-HP-Gaming-Laptop-15-fa0xxx running 64-bit Ubuntu 22.04.5 LTS
| Command      : report_control_sets -verbose -file ef_util_clkmux_4x1_control_sets_placed.rpt
| Design       : ef_util_clkmux_4x1
| Device       : xc7z010i
-----------------------------------------------------------------------------------------------

Control Set Information

Table of Contents
-----------------
1. Summary
2. Histogram
3. Flip-Flop Distribution
4. Detailed Control Set Information

1. Summary
----------

+----------------------------------------------------------+-------+
|                          Status                          | Count |
+----------------------------------------------------------+-------+
| Total control sets                                       |    12 |
|    Minimum number of control sets                        |    12 |
|    Addition due to synthesis replication                 |     0 |
|    Addition due to physical synthesis replication        |     0 |
| Unused register locations in slices containing registers |    84 |
+----------------------------------------------------------+-------+
* Control sets can be merged at opt_design using control_set_merge or merge_equivalent_drivers
** Run report_qor_suggestions for automated merging and remapping suggestions


2. Histogram
------------

+--------------------+-------+
|       Fanout       | Count |
+--------------------+-------+
| Total control sets |    12 |
| >= 0 to < 4        |    12 |
| >= 4 to < 6        |     0 |
| >= 6 to < 8        |     0 |
| >= 8 to < 10       |     0 |
| >= 10 to < 12      |     0 |
| >= 12 to < 14      |     0 |
| >= 14 to < 16      |     0 |
| >= 16              |     0 |
+--------------------+-------+
* Control sets can be remapped at either synth_design or opt_design


3. Flip-Flop Distribution
-------------------------

+--------------+-----------------------+------------------------+-----------------+--------------+
| Clock Enable | Synchronous Set/Reset | Asynchronous Set/Reset | Total Registers | Total Slices |
+--------------+-----------------------+------------------------+-----------------+--------------+
| No           | No                    | No                     |               0 |            0 |
| No           | No                    | Yes                    |              12 |           12 |
| No           | Yes                   | No                     |               0 |            0 |
| Yes          | No                    | No                     |               0 |            0 |
| Yes          | No                    | Yes                    |               0 |            0 |
| Yes          | Yes                   | No                     |               0 |            0 |
+--------------+-----------------------+------------------------+-----------------+--------------+


4. Detailed Control Set Information
-----------------------------------

+-----------------+---------------+------------------+------------------+----------------+--------------+
|   Clock Signal  | Enable Signal | Set/Reset Signal | Slice Load Count | Bel Load Count | Bels / Slice |
+-----------------+---------------+------------------+------------------+----------------+--------------+
|  m1/clko1       |               | m3/rst_n         |                1 |              1 |         1.00 |
| ~m1/clko1       |               | m3/rst_n         |                1 |              1 |         1.00 |
|  clk1_IBUF_BUFG |               | m3/rst_n         |                1 |              1 |         1.00 |
| ~clk1_IBUF_BUFG |               | m3/rst_n         |                1 |              1 |         1.00 |
|  clk2_IBUF_BUFG |               | m3/rst_n         |                1 |              1 |         1.00 |
| ~clk2_IBUF_BUFG |               | m3/rst_n         |                1 |              1 |         1.00 |
|  clk3_IBUF      |               | m3/rst_n         |                1 |              1 |         1.00 |
| ~clk3_IBUF      |               | m3/rst_n         |                1 |              1 |         1.00 |
|  clk0_IBUF_BUFG |               | m3/rst_n         |                1 |              1 |         1.00 |
| ~clk0_IBUF_BUFG |               | m3/rst_n         |                1 |              1 |         1.00 |
|  m2/clko2       |               | m3/rst_n         |                1 |              1 |         1.00 |
| ~m2/clko2       |               | m3/rst_n         |                1 |              1 |         1.00 |
+-----------------+---------------+------------------+------------------+----------------+--------------+


