Copyright 1986-2022 Xilinx, Inc. All Rights Reserved.
---------------------------------------------------------------------------------------------------------------------------------------------------------------------------------------------------------------------------------------------------
| Tool Version : Vivado v.2022.2 (lin64) Build 3671981 Fri Oct 14 04:59:54 MDT 2022
| Date         : Sun May 17 01:24:26 2026
| Host         : omkar-Victus-by-HP-Gaming-Laptop-15-fa0xxx running 64-bit Ubuntu 22.04.5 LTS
| Command      : report_timing_summary -max_paths 10 -report_unconstrained -file ef_util_clkmux_4x1_timing_summary_routed.rpt -pb ef_util_clkmux_4x1_timing_summary_routed.pb -rpx ef_util_clkmux_4x1_timing_summary_routed.rpx -warn_on_violation
| Design       : ef_util_clkmux_4x1
| Device       : 7z010i-clg225
| Speed File   : -1L  PRODUCTION 1.12 2019-11-22
---------------------------------------------------------------------------------------------------------------------------------------------------------------------------------------------------------------------------------------------------

Timing Summary Report

------------------------------------------------------------------------------------------------
| Timer Settings
| --------------
------------------------------------------------------------------------------------------------

  Enable Multi Corner Analysis               :  Yes
  Enable Pessimism Removal                   :  Yes
  Pessimism Removal Resolution               :  Nearest Common Node
  Enable Input Delay Default Clock           :  No
  Enable Preset / Clear Arcs                 :  No
  Disable Flight Delays                      :  No
  Ignore I/O Paths                           :  No
  Timing Early Launch at Borrowing Latches   :  No
  Borrow Time for Max Delay Exceptions       :  Yes
  Merge Timing Exceptions                    :  Yes

  Corner  Analyze    Analyze    
  Name    Max Paths  Min Paths  
  ------  ---------  ---------  
  Slow    Yes        Yes        
  Fast    Yes        Yes        


------------------------------------------------------------------------------------------------
| Report Methodology
| ------------------
------------------------------------------------------------------------------------------------

Rule       Severity          Description                                                       Violations  
---------  ----------------  ----------------------------------------------------------------  ----------  
TIMING-17  Critical Warning  Non-clocked sequential cell                                       12          
CKLD-2     Warning           Clock Net has IO Driver, not a Clock Buf, and/or non-Clock loads  1           

Note: This report is based on the most recent report_methodology run and may not be up-to-date. Run report_methodology on the current design for the latest report.



check_timing report

Table of Contents
-----------------
1. checking no_clock (24)
2. checking constant_clock (0)
3. checking pulse_width_clock (0)
4. checking unconstrained_internal_endpoints (24)
5. checking no_input_delay (3)
6. checking no_output_delay (1)
7. checking multiple_clock (0)
8. checking generated_clocks (0)
9. checking loops (0)
10. checking partial_input_delay (0)
11. checking partial_output_delay (0)
12. checking latch_loops (0)

1. checking no_clock (24)
-------------------------
 There are 4 register/latch pins with no clock driven by root clock pin: clk0 (HIGH)

 There are 4 register/latch pins with no clock driven by root clock pin: clk1 (HIGH)

 There are 4 register/latch pins with no clock driven by root clock pin: clk2 (HIGH)

 There are 4 register/latch pins with no clock driven by root clock pin: clk3 (HIGH)

 There are 2 register/latch pins with no clock driven by root clock pin: m1/Q1b_reg/Q (HIGH)

 There are 2 register/latch pins with no clock driven by root clock pin: m1/Q2b_reg/Q (HIGH)

 There are 2 register/latch pins with no clock driven by root clock pin: m2/Q1b_reg/Q (HIGH)

 There are 2 register/latch pins with no clock driven by root clock pin: m2/Q2b_reg/Q (HIGH)


2. checking constant_clock (0)
------------------------------
 There are 0 register/latch pins with constant_clock.


3. checking pulse_width_clock (0)
---------------------------------
 There are 0 register/latch pins which need pulse_width check


4. checking unconstrained_internal_endpoints (24)
-------------------------------------------------
 There are 24 pins that are not constrained for maximum delay. (HIGH)

 There are 0 pins that are not constrained for maximum delay due to constant clock.


5. checking no_input_delay (3)
------------------------------
 There are 3 input ports with no input delay specified. (HIGH)

 There are 0 input ports with no input delay but user has a false path constraint.


6. checking no_output_delay (1)
-------------------------------
 There is 1 port with no output delay specified. (HIGH)

 There are 0 ports with no output delay but user has a false path constraint

 There are 0 ports with no output delay but with a timing clock defined on it or propagating through it


7. checking multiple_clock (0)
------------------------------
 There are 0 register/latch pins with multiple clocks.


8. checking generated_clocks (0)
--------------------------------
 There are 0 generated clocks that are not connected to a clock source.


9. checking loops (0)
---------------------
 There are 0 combinational loops in the design.


10. checking partial_input_delay (0)
------------------------------------
 There are 0 input ports with partial input delay specified.


11. checking partial_output_delay (0)
-------------------------------------
 There are 0 ports with partial output delay specified.


12. checking latch_loops (0)
----------------------------
 There are 0 combinational latch loops in the design through latch input



------------------------------------------------------------------------------------------------
| Design Timing Summary
| ---------------------
------------------------------------------------------------------------------------------------

    WNS(ns)      TNS(ns)  TNS Failing Endpoints  TNS Total Endpoints      WHS(ns)      THS(ns)  THS Failing Endpoints  THS Total Endpoints     WPWS(ns)     TPWS(ns)  TPWS Failing Endpoints  TPWS Total Endpoints  
    -------      -------  ---------------------  -------------------      -------      -------  ---------------------  -------------------     --------     --------  ----------------------  --------------------  
        inf        0.000                      0                   25          inf        0.000                      0                   25           NA           NA                      NA                    NA  


There are no user specified timing constraints.


------------------------------------------------------------------------------------------------
| Clock Summary
| -------------
------------------------------------------------------------------------------------------------


------------------------------------------------------------------------------------------------
| Intra Clock Table
| -----------------
------------------------------------------------------------------------------------------------

Clock             WNS(ns)      TNS(ns)  TNS Failing Endpoints  TNS Total Endpoints      WHS(ns)      THS(ns)  THS Failing Endpoints  THS Total Endpoints     WPWS(ns)     TPWS(ns)  TPWS Failing Endpoints  TPWS Total Endpoints  
-----             -------      -------  ---------------------  -------------------      -------      -------  ---------------------  -------------------     --------     --------  ----------------------  --------------------  


------------------------------------------------------------------------------------------------
| Inter Clock Table
| -----------------
------------------------------------------------------------------------------------------------

From Clock    To Clock          WNS(ns)      TNS(ns)  TNS Failing Endpoints  TNS Total Endpoints      WHS(ns)      THS(ns)  THS Failing Endpoints  THS Total Endpoints  
----------    --------          -------      -------  ---------------------  -------------------      -------      -------  ---------------------  -------------------  


------------------------------------------------------------------------------------------------
| Other Path Groups Table
| -----------------------
------------------------------------------------------------------------------------------------

Path Group    From Clock    To Clock          WNS(ns)      TNS(ns)  TNS Failing Endpoints  TNS Total Endpoints      WHS(ns)      THS(ns)  THS Failing Endpoints  THS Total Endpoints  
----------    ----------    --------          -------      -------  ---------------------  -------------------      -------      -------  ---------------------  -------------------  


------------------------------------------------------------------------------------------------
| User Ignored Path Table
| -----------------------
------------------------------------------------------------------------------------------------

Path Group    From Clock    To Clock    
----------    ----------    --------    


------------------------------------------------------------------------------------------------
| Unconstrained Path Table
| ------------------------
------------------------------------------------------------------------------------------------

Path Group    From Clock    To Clock    
----------    ----------    --------    
(none)                                    


------------------------------------------------------------------------------------------------
| Timing Details
| --------------
------------------------------------------------------------------------------------------------


--------------------------------------------------------------------------------------
Path Group:  (none)
From Clock:  
  To Clock:  

Max Delay            25 Endpoints
Min Delay            25 Endpoints
--------------------------------------------------------------------------------------


Max Delay Paths
--------------------------------------------------------------------------------------
Slack:                    inf
  Source:                 clk2
                            (input port)
  Destination:            clko
                            (output port)
  Path Group:             (none)
  Path Type:              Max at Slow Process Corner
  Data Path Delay:        8.939ns  (logic 4.126ns (46.159%)  route 4.813ns (53.841%))
  Logic Levels:           4  (IBUF=1 LUT4=2 OBUF=1)

    Location             Delay type                Incr(ns)  Path(ns)    Netlist Resource(s)
  -------------------------------------------------------------------    -------------------
    N11                                               0.000     0.000 r  clk2 (IN)
                         net (fo=0)                   0.000     0.000    clk2
    N11                  IBUF (Prop_ibuf_I_O)         0.962     0.962 r  clk2_IBUF_inst/O
                         net (fo=2, routed)           2.186     3.148    m2/clk2_IBUF
    SLICE_X43Y2          LUT4 (Prop_lut4_I1_O)        0.124     3.272 r  m2/Q2a_i_2/O
                         net (fo=3, routed)           0.960     4.232    m3/clko2
    SLICE_X43Y4          LUT4 (Prop_lut4_I3_O)        0.152     4.384 r  m3/clko_OBUF_inst_i_1/O
                         net (fo=1, routed)           1.667     6.050    clko_OBUF
    N8                   OBUF (Prop_obuf_I_O)         2.888     8.939 r  clko_OBUF_inst/O
                         net (fo=0)                   0.000     8.939    clko
    N8                                                                r  clko (OUT)
  -------------------------------------------------------------------    -------------------

Slack:                    inf
  Source:                 rst_n
                            (input port)
  Destination:            m1/Q2a_reg/CLR
  Path Group:             (none)
  Path Type:              Max at Slow Process Corner
  Data Path Delay:        3.205ns  (logic 1.109ns (34.593%)  route 2.097ns (65.407%))
  Logic Levels:           2  (IBUF=1 LUT1=1)

    Location             Delay type                Incr(ns)  Path(ns)    Netlist Resource(s)
  -------------------------------------------------------------------    -------------------
    P8                                                0.000     0.000 r  rst_n (IN)
                         net (fo=0)                   0.000     0.000    rst_n
    P8                   IBUF (Prop_ibuf_I_O)         0.985     0.985 r  rst_n_IBUF_inst/O
                         net (fo=1, routed)           0.855     1.840    m3/rst_n_IBUF
    SLICE_X43Y3          LUT1 (Prop_lut1_I0_O)        0.124     1.964 f  m3/Q1a_i_2/O
                         net (fo=12, routed)          1.242     3.205    m1/Q2a_reg_0
    SLICE_X42Y6          FDCE                                         f  m1/Q2a_reg/CLR
  -------------------------------------------------------------------    -------------------

Slack:                    inf
  Source:                 rst_n
                            (input port)
  Destination:            m1/Q2b_reg/CLR
  Path Group:             (none)
  Path Type:              Max at Slow Process Corner
  Data Path Delay:        3.205ns  (logic 1.109ns (34.593%)  route 2.097ns (65.407%))
  Logic Levels:           2  (IBUF=1 LUT1=1)

    Location             Delay type                Incr(ns)  Path(ns)    Netlist Resource(s)
  -------------------------------------------------------------------    -------------------
    P8                                                0.000     0.000 r  rst_n (IN)
                         net (fo=0)                   0.000     0.000    rst_n
    P8                   IBUF (Prop_ibuf_I_O)         0.985     0.985 r  rst_n_IBUF_inst/O
                         net (fo=1, routed)           0.855     1.840    m3/rst_n_IBUF
    SLICE_X43Y3          LUT1 (Prop_lut1_I0_O)        0.124     1.964 f  m3/Q1a_i_2/O
                         net (fo=12, routed)          1.242     3.205    m1/Q2a_reg_0
    SLICE_X43Y6          FDCE                                         f  m1/Q2b_reg/CLR
  -------------------------------------------------------------------    -------------------

Slack:                    inf
  Source:                 sel[1]
                            (input port)
  Destination:            m3/Q2a_reg/D
  Path Group:             (none)
  Path Type:              Max at Slow Process Corner
  Data Path Delay:        3.107ns  (logic 1.090ns (35.098%)  route 2.017ns (64.902%))
  Logic Levels:           2  (IBUF=1 LUT2=1)

    Location             Delay type                Incr(ns)  Path(ns)    Netlist Resource(s)
  -------------------------------------------------------------------    -------------------
    P10                                               0.000     0.000 r  sel[1] (IN)
                         net (fo=0)                   0.000     0.000    sel[1]
    P10                  IBUF (Prop_ibuf_I_O)         0.966     0.966 r  sel_IBUF[1]_inst/O
                         net (fo=2, routed)           1.377     2.343    m3/sel_IBUF[0]
    SLICE_X43Y4          LUT2 (Prop_lut2_I0_O)        0.124     2.467 r  m3/Q2a_i_1__1/O
                         net (fo=1, routed)           0.640     3.107    m3/q2a_in
    SLICE_X43Y3          FDCE                                         r  m3/Q2a_reg/D
  -------------------------------------------------------------------    -------------------

Slack:                    inf
  Source:                 rst_n
                            (input port)
  Destination:            m1/Q1a_reg/CLR
  Path Group:             (none)
  Path Type:              Max at Slow Process Corner
  Data Path Delay:        3.060ns  (logic 1.109ns (36.242%)  route 1.951ns (63.758%))
  Logic Levels:           2  (IBUF=1 LUT1=1)

    Location             Delay type                Incr(ns)  Path(ns)    Netlist Resource(s)
  -------------------------------------------------------------------    -------------------
    P8                                                0.000     0.000 r  rst_n (IN)
                         net (fo=0)                   0.000     0.000    rst_n
    P8                   IBUF (Prop_ibuf_I_O)         0.985     0.985 r  rst_n_IBUF_inst/O
                         net (fo=1, routed)           0.855     1.840    m3/rst_n_IBUF
    SLICE_X43Y3          LUT1 (Prop_lut1_I0_O)        0.124     1.964 f  m3/Q1a_i_2/O
                         net (fo=12, routed)          1.096     3.060    m1/Q2a_reg_0
    SLICE_X43Y5          FDCE                                         f  m1/Q1a_reg/CLR
  -------------------------------------------------------------------    -------------------

Slack:                    inf
  Source:                 rst_n
                            (input port)
  Destination:            m1/Q1b_reg/CLR
  Path Group:             (none)
  Path Type:              Max at Slow Process Corner
  Data Path Delay:        3.060ns  (logic 1.109ns (36.242%)  route 1.951ns (63.758%))
  Logic Levels:           2  (IBUF=1 LUT1=1)

    Location             Delay type                Incr(ns)  Path(ns)    Netlist Resource(s)
  -------------------------------------------------------------------    -------------------
    P8                                                0.000     0.000 r  rst_n (IN)
                         net (fo=0)                   0.000     0.000    rst_n
    P8                   IBUF (Prop_ibuf_I_O)         0.985     0.985 r  rst_n_IBUF_inst/O
                         net (fo=1, routed)           0.855     1.840    m3/rst_n_IBUF
    SLICE_X43Y3          LUT1 (Prop_lut1_I0_O)        0.124     1.964 f  m3/Q1a_i_2/O
                         net (fo=12, routed)          1.096     3.060    m1/Q2a_reg_0
    SLICE_X42Y5          FDCE                                         f  m1/Q1b_reg/CLR
  -------------------------------------------------------------------    -------------------

Slack:                    inf
  Source:                 rst_n
                            (input port)
  Destination:            m3/Q1a_reg/CLR
  Path Group:             (none)
  Path Type:              Max at Slow Process Corner
  Data Path Delay:        2.904ns  (logic 1.109ns (38.185%)  route 1.795ns (61.815%))
  Logic Levels:           2  (IBUF=1 LUT1=1)

    Location             Delay type                Incr(ns)  Path(ns)    Netlist Resource(s)
  -------------------------------------------------------------------    -------------------
    P8                                                0.000     0.000 r  rst_n (IN)
                         net (fo=0)                   0.000     0.000    rst_n
    P8                   IBUF (Prop_ibuf_I_O)         0.985     0.985 r  rst_n_IBUF_inst/O
                         net (fo=1, routed)           0.855     1.840    m3/rst_n_IBUF
    SLICE_X43Y3          LUT1 (Prop_lut1_I0_O)        0.124     1.964 f  m3/Q1a_i_2/O
                         net (fo=12, routed)          0.940     2.904    m3/rst_n
    SLICE_X43Y4          FDCE                                         f  m3/Q1a_reg/CLR
  -------------------------------------------------------------------    -------------------

Slack:                    inf
  Source:                 rst_n
                            (input port)
  Destination:            m3/Q1b_reg/CLR
  Path Group:             (none)
  Path Type:              Max at Slow Process Corner
  Data Path Delay:        2.904ns  (logic 1.109ns (38.185%)  route 1.795ns (61.815%))
  Logic Levels:           2  (IBUF=1 LUT1=1)

    Location             Delay type                Incr(ns)  Path(ns)    Netlist Resource(s)
  -------------------------------------------------------------------    -------------------
    P8                                                0.000     0.000 r  rst_n (IN)
                         net (fo=0)                   0.000     0.000    rst_n
    P8                   IBUF (Prop_ibuf_I_O)         0.985     0.985 r  rst_n_IBUF_inst/O
                         net (fo=1, routed)           0.855     1.840    m3/rst_n_IBUF
    SLICE_X43Y3          LUT1 (Prop_lut1_I0_O)        0.124     1.964 f  m3/Q1a_i_2/O
                         net (fo=12, routed)          0.940     2.904    m3/rst_n
    SLICE_X42Y4          FDCE                                         f  m3/Q1b_reg/CLR
  -------------------------------------------------------------------    -------------------

Slack:                    inf
  Source:                 rst_n
                            (input port)
  Destination:            m2/Q1a_reg/CLR
  Path Group:             (none)
  Path Type:              Max at Slow Process Corner
  Data Path Delay:        2.738ns  (logic 1.109ns (40.494%)  route 1.630ns (59.506%))
  Logic Levels:           2  (IBUF=1 LUT1=1)

    Location             Delay type                Incr(ns)  Path(ns)    Netlist Resource(s)
  -------------------------------------------------------------------    -------------------
    P8                                                0.000     0.000 r  rst_n (IN)
                         net (fo=0)                   0.000     0.000    rst_n
    P8                   IBUF (Prop_ibuf_I_O)         0.985     0.985 r  rst_n_IBUF_inst/O
                         net (fo=1, routed)           0.855     1.840    m3/rst_n_IBUF
    SLICE_X43Y3          LUT1 (Prop_lut1_I0_O)        0.124     1.964 f  m3/Q1a_i_2/O
                         net (fo=12, routed)          0.775     2.738    m2/Q2a_reg_0
    SLICE_X42Y1          FDCE                                         f  m2/Q1a_reg/CLR
  -------------------------------------------------------------------    -------------------

Slack:                    inf
  Source:                 rst_n
                            (input port)
  Destination:            m2/Q2b_reg/CLR
  Path Group:             (none)
  Path Type:              Max at Slow Process Corner
  Data Path Delay:        2.738ns  (logic 1.109ns (40.494%)  route 1.630ns (59.506%))
  Logic Levels:           2  (IBUF=1 LUT1=1)

    Location             Delay type                Incr(ns)  Path(ns)    Netlist Resource(s)
  -------------------------------------------------------------------    -------------------
    P8                                                0.000     0.000 r  rst_n (IN)
                         net (fo=0)                   0.000     0.000    rst_n
    P8                   IBUF (Prop_ibuf_I_O)         0.985     0.985 r  rst_n_IBUF_inst/O
                         net (fo=1, routed)           0.855     1.840    m3/rst_n_IBUF
    SLICE_X43Y3          LUT1 (Prop_lut1_I0_O)        0.124     1.964 f  m3/Q1a_i_2/O
                         net (fo=12, routed)          0.775     2.738    m2/Q2a_reg_0
    SLICE_X43Y1          FDCE                                         f  m2/Q2b_reg/CLR
  -------------------------------------------------------------------    -------------------





Min Delay Paths
--------------------------------------------------------------------------------------
Slack:                    inf
  Source:                 m2/Q2a_reg/C
                            (rising edge-triggered cell FDCE)
  Destination:            m2/Q2b_reg/D
  Path Group:             (none)
  Path Type:              Min at Fast Process Corner
  Data Path Delay:        0.251ns  (logic 0.141ns (56.174%)  route 0.110ns (43.826%))
  Logic Levels:           1  (FDCE=1)

    Location             Delay type                Incr(ns)  Path(ns)    Netlist Resource(s)
  -------------------------------------------------------------------    -------------------
    SLICE_X43Y2          FDCE                         0.000     0.000 r  m2/Q2a_reg/C
    SLICE_X43Y2          FDCE (Prop_fdce_C_Q)         0.141     0.141 r  m2/Q2a_reg/Q
                         net (fo=1, routed)           0.110     0.251    m2/Q2a_reg_n_0
    SLICE_X43Y1          FDCE                                         r  m2/Q2b_reg/D
  -------------------------------------------------------------------    -------------------

Slack:                    inf
  Source:                 m1/Q1a_reg/C
                            (rising edge-triggered cell FDCE)
  Destination:            m1/Q1b_reg/D
  Path Group:             (none)
  Path Type:              Min at Fast Process Corner
  Data Path Delay:        0.257ns  (logic 0.141ns (54.828%)  route 0.116ns (45.172%))
  Logic Levels:           1  (FDCE=1)

    Location             Delay type                Incr(ns)  Path(ns)    Netlist Resource(s)
  -------------------------------------------------------------------    -------------------
    SLICE_X43Y5          FDCE                         0.000     0.000 r  m1/Q1a_reg/C
    SLICE_X43Y5          FDCE (Prop_fdce_C_Q)         0.141     0.141 r  m1/Q1a_reg/Q
                         net (fo=1, routed)           0.116     0.257    m1/Q1a
    SLICE_X42Y5          FDCE                                         r  m1/Q1b_reg/D
  -------------------------------------------------------------------    -------------------

Slack:                    inf
  Source:                 m2/Q2b_reg/C
                            (rising edge-triggered cell FDCE)
  Destination:            m2/Q1a_reg/D
  Path Group:             (none)
  Path Type:              Min at Fast Process Corner
  Data Path Delay:        0.290ns  (logic 0.191ns (65.794%)  route 0.099ns (34.206%))
  Logic Levels:           2  (FDCE=1 LUT2=1)

    Location             Delay type                Incr(ns)  Path(ns)    Netlist Resource(s)
  -------------------------------------------------------------------    -------------------
    SLICE_X43Y1          FDCE                         0.000     0.000 r  m2/Q2b_reg/C
    SLICE_X43Y1          FDCE (Prop_fdce_C_Q)         0.146     0.146 f  m2/Q2b_reg/Q
                         net (fo=2, routed)           0.099     0.245    m2/Q2b
    SLICE_X42Y1          LUT2 (Prop_lut2_I0_O)        0.045     0.290 r  m2/Q1a_i_1__0/O
                         net (fo=1, routed)           0.000     0.290    m2/q1a_in
    SLICE_X42Y1          FDCE                                         r  m2/Q1a_reg/D
  -------------------------------------------------------------------    -------------------

Slack:                    inf
  Source:                 m2/Q1b_reg/C
                            (rising edge-triggered cell FDCE)
  Destination:            m2/Q2a_reg/D
  Path Group:             (none)
  Path Type:              Min at Fast Process Corner
  Data Path Delay:        0.297ns  (logic 0.215ns (72.365%)  route 0.082ns (27.635%))
  Logic Levels:           2  (FDCE=1 LUT2=1)

    Location             Delay type                Incr(ns)  Path(ns)    Netlist Resource(s)
  -------------------------------------------------------------------    -------------------
    SLICE_X42Y2          FDCE                         0.000     0.000 r  m2/Q1b_reg/C
    SLICE_X42Y2          FDCE (Prop_fdce_C_Q)         0.167     0.167 f  m2/Q1b_reg/Q
                         net (fo=2, routed)           0.082     0.249    m2/Q1b
    SLICE_X43Y2          LUT2 (Prop_lut2_I1_O)        0.048     0.297 r  m2/Q2a_i_1__0/O
                         net (fo=1, routed)           0.000     0.297    m2/q2a_in
    SLICE_X43Y2          FDCE                                         r  m2/Q2a_reg/D
  -------------------------------------------------------------------    -------------------

Slack:                    inf
  Source:                 m3/Q1a_reg/C
                            (rising edge-triggered cell FDCE)
  Destination:            m3/Q1b_reg/D
  Path Group:             (none)
  Path Type:              Min at Fast Process Corner
  Data Path Delay:        0.323ns  (logic 0.207ns (64.054%)  route 0.116ns (35.946%))
  Logic Levels:           1  (FDCE=1)

    Location             Delay type                Incr(ns)  Path(ns)    Netlist Resource(s)
  -------------------------------------------------------------------    -------------------
    SLICE_X43Y4          FDCE                         0.000     0.000 r  m3/Q1a_reg/C
    SLICE_X43Y4          FDCE (Prop_fdce_C_Q)         0.207     0.207 r  m3/Q1a_reg/Q
                         net (fo=1, routed)           0.116     0.323    m3/Q1a_reg_n_0
    SLICE_X42Y4          FDCE                                         r  m3/Q1b_reg/D
  -------------------------------------------------------------------    -------------------

Slack:                    inf
  Source:                 m3/Q2b_reg/C
                            (rising edge-triggered cell FDCE)
  Destination:            m3/Q1a_reg/D
  Path Group:             (none)
  Path Type:              Min at Fast Process Corner
  Data Path Delay:        0.359ns  (logic 0.212ns (59.018%)  route 0.147ns (40.982%))
  Logic Levels:           2  (FDCE=1 LUT2=1)

    Location             Delay type                Incr(ns)  Path(ns)    Netlist Resource(s)
  -------------------------------------------------------------------    -------------------
    SLICE_X42Y3          FDCE                         0.000     0.000 r  m3/Q2b_reg/C
    SLICE_X42Y3          FDCE (Prop_fdce_C_Q)         0.167     0.167 f  m3/Q2b_reg/Q
                         net (fo=2, routed)           0.147     0.314    m3/Q2b
    SLICE_X43Y4          LUT2 (Prop_lut2_I0_O)        0.045     0.359 r  m3/Q1a_i_1__1/O
                         net (fo=1, routed)           0.000     0.359    m3/q1a_in
    SLICE_X43Y4          FDCE                                         r  m3/Q1a_reg/D
  -------------------------------------------------------------------    -------------------

Slack:                    inf
  Source:                 m1/Q2a_reg/C
                            (rising edge-triggered cell FDCE)
  Destination:            m1/Q2b_reg/D
  Path Group:             (none)
  Path Type:              Min at Fast Process Corner
  Data Path Delay:        0.388ns  (logic 0.164ns (42.284%)  route 0.224ns (57.716%))
  Logic Levels:           1  (FDCE=1)

    Location             Delay type                Incr(ns)  Path(ns)    Netlist Resource(s)
  -------------------------------------------------------------------    -------------------
    SLICE_X42Y6          FDCE                         0.000     0.000 r  m1/Q2a_reg/C
    SLICE_X42Y6          FDCE (Prop_fdce_C_Q)         0.164     0.164 r  m1/Q2a_reg/Q
                         net (fo=1, routed)           0.224     0.388    m1/Q2a
    SLICE_X43Y6          FDCE                                         r  m1/Q2b_reg/D
  -------------------------------------------------------------------    -------------------

Slack:                    inf
  Source:                 m3/Q2a_reg/C
                            (rising edge-triggered cell FDCE)
  Destination:            m3/Q2b_reg/D
  Path Group:             (none)
  Path Type:              Min at Fast Process Corner
  Data Path Delay:        0.468ns  (logic 0.141ns (30.130%)  route 0.327ns (69.870%))
  Logic Levels:           1  (FDCE=1)

    Location             Delay type                Incr(ns)  Path(ns)    Netlist Resource(s)
  -------------------------------------------------------------------    -------------------
    SLICE_X43Y3          FDCE                         0.000     0.000 r  m3/Q2a_reg/C
    SLICE_X43Y3          FDCE (Prop_fdce_C_Q)         0.141     0.141 r  m3/Q2a_reg/Q
                         net (fo=1, routed)           0.327     0.468    m3/Q2a_reg_n_0
    SLICE_X42Y3          FDCE                                         r  m3/Q2b_reg/D
  -------------------------------------------------------------------    -------------------

Slack:                    inf
  Source:                 m1/Q2b_reg/C
                            (rising edge-triggered cell FDCE)
  Destination:            m1/Q1a_reg/D
  Path Group:             (none)
  Path Type:              Min at Fast Process Corner
  Data Path Delay:        0.475ns  (logic 0.191ns (40.193%)  route 0.284ns (59.807%))
  Logic Levels:           2  (FDCE=1 LUT2=1)

    Location             Delay type                Incr(ns)  Path(ns)    Netlist Resource(s)
  -------------------------------------------------------------------    -------------------
    SLICE_X43Y6          FDCE                         0.000     0.000 r  m1/Q2b_reg/C
    SLICE_X43Y6          FDCE (Prop_fdce_C_Q)         0.146     0.146 f  m1/Q2b_reg/Q
                         net (fo=2, routed)           0.284     0.430    m1/Q2b
    SLICE_X43Y5          LUT2 (Prop_lut2_I0_O)        0.045     0.475 r  m1/Q1a_i_1/O
                         net (fo=1, routed)           0.000     0.475    m1/q1a_in
    SLICE_X43Y5          FDCE                                         r  m1/Q1a_reg/D
  -------------------------------------------------------------------    -------------------

Slack:                    inf
  Source:                 m2/Q1a_reg/C
                            (rising edge-triggered cell FDCE)
  Destination:            m2/Q1b_reg/D
  Path Group:             (none)
  Path Type:              Min at Fast Process Corner
  Data Path Delay:        0.478ns  (logic 0.164ns (34.319%)  route 0.314ns (65.681%))
  Logic Levels:           1  (FDCE=1)

    Location             Delay type                Incr(ns)  Path(ns)    Netlist Resource(s)
  -------------------------------------------------------------------    -------------------
    SLICE_X42Y1          FDCE                         0.000     0.000 r  m2/Q1a_reg/C
    SLICE_X42Y1          FDCE (Prop_fdce_C_Q)         0.164     0.164 r  m2/Q1a_reg/Q
                         net (fo=1, routed)           0.314     0.478    m2/Q1a_reg_n_0
    SLICE_X42Y2          FDCE                                         r  m2/Q1b_reg/D
  -------------------------------------------------------------------    -------------------





