#-----------------------------------------------------------
# Vivado v2022.2 (64-bit)
# SW Build 3671981 on Fri Oct 14 04:59:54 MDT 2022
# IP Build 3669848 on Fri Oct 14 08:30:02 MDT 2022
# Start of session at: Sun May 17 01:13:34 2026
# Process ID: 14979
# Current directory: /home/omkar/SoC_0.1/NM32_top_temp
# Command line: vivado NM32_top_temp.xpr
# Log file: /home/omkar/SoC_0.1/NM32_top_temp/vivado.log
# Journal file: /home/omkar/SoC_0.1/NM32_top_temp/vivado.jou
# Running On: omkar-Victus-by-HP-Gaming-Laptop-15-fa0xxx, OS: Linux, CPU Frequency: 400.000 MHz, CPU Physical cores: 10, Host memory: 16414 MB
#-----------------------------------------------------------
start_gui
open_project NM32_top_temp.xpr
update_compile_order -fileset sources_1
add_files -norecurse {/home/omkar/SoC_0.1/AHB/ahb_arbiter.sv /home/omkar/SoC_0.1/NM32_top_temp/NM32_top_temp.srcs/sources_1/new/NM32_top.sv}
update_compile_order -fileset sources_1
reset_run synth_1
launch_runs synth_1 -jobs 8
wait_on_run synth_1
launch_runs impl_1 -jobs 8
wait_on_run impl_1
open_run impl_1
export_ip_user_files -of_objects  [get_files /home/omkar/SoC_0.1/NM32_top_temp/NM32_top_temp.srcs/sources_1/new/NM32_top.v] -no_script -reset -force -quiet
remove_files  /home/omkar/SoC_0.1/NM32_top_temp/NM32_top_temp.srcs/sources_1/new/NM32_top.v
remove_files  /home/omkar/SoC_0.1/NM32_top_temp/NM32_top_temp.srcs/sources_1/new/NM32_top.v
export_ip_user_files -of_objects  [get_files /home/omkar/SoC_0.1/AHB/ahb_arbiter.v] -no_script -reset -force -quiet
remove_files  /home/omkar/SoC_0.1/AHB/ahb_arbiter.v
close_design
open_run synth_1 -name synth_1
